Archive member included to satisfy reference by file (symbol)

c:/ac6/systemworkbench/plugins/fr.ac6.mcu.externaltools.arm-none.win32_1.16.0.201807130628/tools/compiler/bin/../lib/gcc/arm-none-eabi/7.2.1/thumb/v7e-m/fpv4-sp/hard\libgcc.a(_arm_addsubdf3.o)
                              Application/User/main.o (__aeabi_i2d)
c:/ac6/systemworkbench/plugins/fr.ac6.mcu.externaltools.arm-none.win32_1.16.0.201807130628/tools/compiler/bin/../lib/gcc/arm-none-eabi/7.2.1/thumb/v7e-m/fpv4-sp/hard\libgcc.a(_arm_muldivdf3.o)
                              Application/User/main.o (__aeabi_ddiv)
c:/ac6/systemworkbench/plugins/fr.ac6.mcu.externaltools.arm-none.win32_1.16.0.201807130628/tools/compiler/bin/../lib/gcc/arm-none-eabi/7.2.1/thumb/v7e-m/fpv4-sp/hard\libgcc.a(_arm_truncdfsf2.o)
                              Application/User/main.o (__aeabi_d2f)
c:/ac6/systemworkbench/plugins/fr.ac6.mcu.externaltools.arm-none.win32_1.16.0.201807130628/tools/compiler/bin/../lib/gcc/arm-none-eabi/7.2.1/thumb/v7e-m/fpv4-sp/hard\libgcc.a(_aeabi_uldivmod.o)
                              Drivers/STM32F4xx_HAL_Driver/stm32f4xx_hal_rcc.o (__aeabi_uldivmod)
c:/ac6/systemworkbench/plugins/fr.ac6.mcu.externaltools.arm-none.win32_1.16.0.201807130628/tools/compiler/bin/../lib/gcc/arm-none-eabi/7.2.1/thumb/v7e-m/fpv4-sp/hard\libgcc.a(_udivmoddi4.o)
                              c:/ac6/systemworkbench/plugins/fr.ac6.mcu.externaltools.arm-none.win32_1.16.0.201807130628/tools/compiler/bin/../lib/gcc/arm-none-eabi/7.2.1/thumb/v7e-m/fpv4-sp/hard\libgcc.a(_aeabi_uldivmod.o) (__udivmoddi4)
c:/ac6/systemworkbench/plugins/fr.ac6.mcu.externaltools.arm-none.win32_1.16.0.201807130628/tools/compiler/bin/../lib/gcc/arm-none-eabi/7.2.1/thumb/v7e-m/fpv4-sp/hard\libgcc.a(_dvmd_tls.o)
                              c:/ac6/systemworkbench/plugins/fr.ac6.mcu.externaltools.arm-none.win32_1.16.0.201807130628/tools/compiler/bin/../lib/gcc/arm-none-eabi/7.2.1/thumb/v7e-m/fpv4-sp/hard\libgcc.a(_aeabi_uldivmod.o) (__aeabi_ldiv0)
c:/ac6/systemworkbench/plugins/fr.ac6.mcu.externaltools.arm-none.win32_1.16.0.201807130628/tools/compiler/bin/../lib/gcc/arm-none-eabi/7.2.1/../../../../arm-none-eabi/lib/thumb/v7e-m/fpv4-sp/hard\libc_nano.a(lib_a-exit.o)
                              c:/ac6/systemworkbench/plugins/fr.ac6.mcu.externaltools.arm-none.win32_1.16.0.201807130628/tools/compiler/bin/../lib/gcc/arm-none-eabi/7.2.1/../../../../arm-none-eabi/lib/thumb/v7e-m/fpv4-sp/hard/crt0.o (exit)
c:/ac6/systemworkbench/plugins/fr.ac6.mcu.externaltools.arm-none.win32_1.16.0.201807130628/tools/compiler/bin/../lib/gcc/arm-none-eabi/7.2.1/../../../../arm-none-eabi/lib/thumb/v7e-m/fpv4-sp/hard\libc_nano.a(lib_a-impure.o)
                              c:/ac6/systemworkbench/plugins/fr.ac6.mcu.externaltools.arm-none.win32_1.16.0.201807130628/tools/compiler/bin/../lib/gcc/arm-none-eabi/7.2.1/../../../../arm-none-eabi/lib/thumb/v7e-m/fpv4-sp/hard\libc_nano.a(lib_a-exit.o) (_global_impure_ptr)
c:/ac6/systemworkbench/plugins/fr.ac6.mcu.externaltools.arm-none.win32_1.16.0.201807130628/tools/compiler/bin/../lib/gcc/arm-none-eabi/7.2.1/../../../../arm-none-eabi/lib/thumb/v7e-m/fpv4-sp/hard\libc_nano.a(lib_a-init.o)
                              c:/ac6/systemworkbench/plugins/fr.ac6.mcu.externaltools.arm-none.win32_1.16.0.201807130628/tools/compiler/bin/../lib/gcc/arm-none-eabi/7.2.1/../../../../arm-none-eabi/lib/thumb/v7e-m/fpv4-sp/hard/crt0.o (__libc_init_array)
c:/ac6/systemworkbench/plugins/fr.ac6.mcu.externaltools.arm-none.win32_1.16.0.201807130628/tools/compiler/bin/../lib/gcc/arm-none-eabi/7.2.1/../../../../arm-none-eabi/lib/thumb/v7e-m/fpv4-sp/hard\libc_nano.a(lib_a-malloc.o)
                              Middlewares/USB_Device_Library/usbd_cdc.o (malloc)
c:/ac6/systemworkbench/plugins/fr.ac6.mcu.externaltools.arm-none.win32_1.16.0.201807130628/tools/compiler/bin/../lib/gcc/arm-none-eabi/7.2.1/../../../../arm-none-eabi/lib/thumb/v7e-m/fpv4-sp/hard\libc_nano.a(lib_a-memset.o)
                              c:/ac6/systemworkbench/plugins/fr.ac6.mcu.externaltools.arm-none.win32_1.16.0.201807130628/tools/compiler/bin/../lib/gcc/arm-none-eabi/7.2.1/../../../../arm-none-eabi/lib/thumb/v7e-m/fpv4-sp/hard/crt0.o (memset)
c:/ac6/systemworkbench/plugins/fr.ac6.mcu.externaltools.arm-none.win32_1.16.0.201807130628/tools/compiler/bin/../lib/gcc/arm-none-eabi/7.2.1/../../../../arm-none-eabi/lib/thumb/v7e-m/fpv4-sp/hard\libc_nano.a(lib_a-nano-freer.o)
                              c:/ac6/systemworkbench/plugins/fr.ac6.mcu.externaltools.arm-none.win32_1.16.0.201807130628/tools/compiler/bin/../lib/gcc/arm-none-eabi/7.2.1/../../../../arm-none-eabi/lib/thumb/v7e-m/fpv4-sp/hard\libc_nano.a(lib_a-malloc.o) (_free_r)
c:/ac6/systemworkbench/plugins/fr.ac6.mcu.externaltools.arm-none.win32_1.16.0.201807130628/tools/compiler/bin/../lib/gcc/arm-none-eabi/7.2.1/../../../../arm-none-eabi/lib/thumb/v7e-m/fpv4-sp/hard\libc_nano.a(lib_a-nano-mallocr.o)
[...]
Memory Configuration

Name             Origin             Length             Attributes
RAM              0x20000000         0x00030000         xrw
CCMRAM           0x10000000         0x00010000         rw
FLASH            0x08000000         0x00200000         xr
*default*        0x00000000         0xffffffff

Linker script and memory map

LOAD c:/ac6/systemworkbench/plugins/fr.ac6.mcu.externaltools.arm-none.win32_1.16.0.201807130628/tools/compiler/bin/../lib/gcc/arm-none-eabi/7.2.1/thumb/v7e-m/fpv4-sp/hard/crti.o
LOAD c:/ac6/systemworkbench/plugins/fr.ac6.mcu.externaltools.arm-none.win32_1.16.0.201807130628/tools/compiler/bin/../lib/gcc/arm-none-eabi/7.2.1/thumb/v7e-m/fpv4-sp/hard/crtbegin.o
LOAD c:/ac6/systemworkbench/plugins/fr.ac6.mcu.externaltools.arm-none.win32_1.16.0.201807130628/tools/compiler/bin/../lib/gcc/arm-none-eabi/7.2.1/../../../../arm-none-eabi/lib/thumb/v7e-m/fpv4-sp/hard/crt0.o
LOAD Application/SW4STM32/startup_stm32f429xx.o
LOAD Application/User/main.o
LOAD Application/User/stm32f4xx_hal_msp.o
LOAD Application/User/stm32f4xx_it.o
LOAD Application/User/usb_device.o
LOAD Application/User/usbd_cdc_if.o
LOAD Application/User/usbd_conf.o
LOAD Application/User/usbd_desc.o
LOAD Drivers/CMSIS/system_stm32f4xx.o
LOAD Drivers/STM32F4xx_HAL_Driver/stm32f4xx_hal.o
LOAD Drivers/STM32F4xx_HAL_Driver/stm32f4xx_hal_cortex.o
LOAD Drivers/STM32F4xx_HAL_Driver/stm32f4xx_hal_dma.o
LOAD Drivers/STM32F4xx_HAL_Driver/stm32f4xx_hal_dma_ex.o
LOAD Drivers/STM32F4xx_HAL_Driver/stm32f4xx_hal_flash.o
LOAD Drivers/STM32F4xx_HAL_Driver/stm32f4xx_hal_flash_ex.o
LOAD Drivers/STM32F4xx_HAL_Driver/stm32f4xx_hal_flash_ramfunc.o
LOAD Drivers/STM32F4xx_HAL_Driver/stm32f4xx_hal_gpio.o
LOAD Drivers/STM32F4xx_HAL_Driver/stm32f4xx_hal_pcd.o
LOAD Drivers/STM32F4xx_HAL_Driver/stm32f4xx_hal_pcd_ex.o
LOAD Drivers/STM32F4xx_HAL_Driver/stm32f4xx_hal_pwr.o
LOAD Drivers/STM32F4xx_HAL_Driver/stm32f4xx_hal_pwr_ex.o
LOAD Drivers/STM32F4xx_HAL_Driver/stm32f4xx_hal_rcc.o
LOAD Drivers/STM32F4xx_HAL_Driver/stm32f4xx_hal_rcc_ex.o
LOAD Drivers/STM32F4xx_HAL_Driver/stm32f4xx_hal_tim.o
LOAD Drivers/STM32F4xx_HAL_Driver/stm32f4xx_hal_tim_ex.o
LOAD Drivers/STM32F4xx_HAL_Driver/stm32f4xx_ll_usb.o
LOAD Middlewares/USB_Device_Library/usbd_cdc.o
LOAD Middlewares/USB_Device_Library/usbd_core.o
LOAD Middlewares/USB_Device_Library/usbd_ctlreq.o
LOAD Middlewares/USB_Device_Library/usbd_ioreq.o
LOAD c:/ac6/systemworkbench/plugins/fr.ac6.mcu.externaltools.arm-none.win32_1.16.0.201807130628/tools/compiler/bin/../lib/gcc/arm-none-eabi/7.2.1/../../../../arm-none-eabi/lib/thumb/v7e-m/fpv4-sp/hard\libm.a
START GROUP
LOAD c:/ac6/systemworkbench/plugins/fr.ac6.mcu.externaltools.arm-none.win32_1.16.0.201807130628/tools/compiler/bin/../lib/gcc/arm-none-eabi/7.2.1/thumb/v7e-m/fpv4-sp/hard\libgcc.a
LOAD c:/ac6/systemworkbench/plugins/fr.ac6.mcu.externaltools.arm-none.win32_1.16.0.201807130628/tools/compiler/bin/../lib/gcc/arm-none-eabi/7.2.1/../../../../arm-none-eabi/lib/thumb/v7e-m/fpv4-sp/hard\libc_nano.a
END GROUP
START GROUP
LOAD c:/ac6/systemworkbench/plugins/fr.ac6.mcu.externaltools.arm-none.win32_1.16.0.201807130628/tools/compiler/bin/../lib/gcc/arm-none-eabi/7.2.1/thumb/v7e-m/fpv4-sp/hard\libgcc.a
LOAD c:/ac6/systemworkbench/plugins/fr.ac6.mcu.externaltools.arm-none.win32_1.16.0.201807130628/tools/compiler/bin/../lib/gcc/arm-none-eabi/7.2.1/../../../../arm-none-eabi/lib/thumb/v7e-m/fpv4-sp/hard\libc_nano.a
LOAD c:/ac6/systemworkbench/plugins/fr.ac6.mcu.externaltools.arm-none.win32_1.16.0.201807130628/tools/compiler/bin/../lib/gcc/arm-none-eabi/7.2.1/../../../../arm-none-eabi/lib/thumb/v7e-m/fpv4-sp/hard\libnosys.a
END GROUP
START GROUP
LOAD c:/ac6/systemworkbench/plugins/fr.ac6.mcu.externaltools.arm-none.win32_1.16.0.201807130628/tools/compiler/bin/../lib/gcc/arm-none-eabi/7.2.1/thumb/v7e-m/fpv4-sp/hard\libgcc.a
LOAD c:/ac6/systemworkbench/plugins/fr.ac6.mcu.externaltools.arm-none.win32_1.16.0.201807130628/tools/compiler/bin/../lib/gcc/arm-none-eabi/7.2.1/../../../../arm-none-eabi/lib/thumb/v7e-m/fpv4-sp/hard\libc_nano.a
LOAD c:/ac6/systemworkbench/plugins/fr.ac6.mcu.externaltools.arm-none.win32_1.16.0.201807130628/tools/compiler/bin/../lib/gcc/arm-none-eabi/7.2.1/../../../../arm-none-eabi/lib/thumb/v7e-m/fpv4-sp/hard\libnosys.a
END GROUP
LOAD c:/ac6/systemworkbench/plugins/fr.ac6.mcu.externaltools.arm-none.win32_1.16.0.201807130628/tools/compiler/bin/../lib/gcc/arm-none-eabi/7.2.1/thumb/v7e-m/fpv4-sp/hard/crtend.o
LOAD c:/ac6/systemworkbench/plugins/fr.ac6.mcu.externaltools.arm-none.win32_1.16.0.201807130628/tools/compiler/bin/../lib/gcc/arm-none-eabi/7.2.1/thumb/v7e-m/fpv4-sp/hard/crtn.o
                0x20030000                _estack = 0x20030000
                0x00001200                _Min_Heap_Size = 0x1200
                0x00000400                _Min_Stack_Size = 0x400

.isr_vector     0x08000000      0x1ac
                0x08000000                . = ALIGN (0x4)
 *(.isr_vector)
 .isr_vector    0x08000000      0x1ac Application/SW4STM32/startup_stm32f429xx.o
                0x08000000                g_pfnVectors
                0x080001ac                . = ALIGN (0x4)

.text           0x080001b0     0x6b68
                0x080001b0                . = ALIGN (0x4)
 *(.text)
 .text          0x080001b0       0x40 c:/ac6/systemworkbench/plugins/fr.ac6.mcu.externaltools.arm-none.win32_1.16.0.201807130628/tools/compiler/bin/../lib/gcc/arm-none-eabi/7.2.1/thumb/v7e-m/fpv4-sp/hard/crtbegin.o
 .text          0x080001f0      0x378 c:/ac6/systemworkbench/plugins/fr.ac6.mcu.externaltools.arm-none.win32_1.16.0.201807130628/tools/compiler/bin/../lib/gcc/arm-none-eabi/7.2.1/thumb/v7e-m/fpv4-sp/hard\libgcc.a(_arm_addsubdf3.o)
                0x080001f0                __aeabi_drsub
                0x080001f8                __aeabi_dsub
                0x080001f8                __subdf3
                0x080001fc                __aeabi_dadd
                0x080001fc                __adddf3
                0x08000474                __floatunsidf
                0x08000474                __aeabi_ui2d
                0x08000494                __floatsidf
                0x08000494                __aeabi_i2d
                0x080004b8                __aeabi_f2d
                0x080004b8                __extendsfdf2
                0x080004fc                __floatundidf
                0x080004fc                __aeabi_ul2d
                0x0800050c                __floatdidf
                0x0800050c                __aeabi_l2d
 .text          0x08000568      0x424 c:/ac6/systemworkbench/plugins/fr.ac6.mcu.externaltools.arm-none.win32_1.16.0.201807130628/tools/compiler/bin/../lib/gcc/arm-none-eabi/7.2.1/thumb/v7e-m/fpv4-sp/hard\libgcc.a(_arm_muldivdf3.o)
                0x08000568                __aeabi_dmul
                0x08000568                __muldf3
                0x080007bc                __divdf3
                0x080007bc                __aeabi_ddiv
 .text          0x0800098c       0xa0 c:/ac6/systemworkbench/plugins/fr.ac6.mcu.externaltools.arm-none.win32_1.16.0.201807130628/tools/compiler/bin/../lib/gcc/arm-none-eabi/7.2.1/thumb/v7e-m/fpv4-sp/hard\libgcc.a(_arm_truncdfsf2.o)
                0x0800098c                __truncdfsf2
                0x0800098c                __aeabi_d2f
 .text          0x08000a2c       0x30 c:/ac6/systemworkbench/plugins/fr.ac6.mcu.externaltools.arm-none.win32_1.16.0.201807130628/tools/compiler/bin/../lib/gcc/arm-none-eabi/7.2.1/thumb/v7e-m/fpv4-sp/hard\libgcc.a(_aeabi_uldivmod.o)
                0x08000a2c                __aeabi_uldivmod
 .text          0x08000a5c      0x2cc c:/ac6/systemworkbench/plugins/fr.ac6.mcu.externaltools.arm-none.win32_1.16.0.201807130628/tools/compiler/bin/../lib/gcc/arm-none-eabi/7.2.1/thumb/v7e-m/fpv4-sp/hard\libgcc.a(_udivmoddi4.o)
                0x08000a5c                __udivmoddi4
 .text          0x08000d28        0x4 c:/ac6/systemworkbench/plugins/fr.ac6.mcu.externaltools.arm-none.win32_1.16.0.201807130628/tools/compiler/bin/../lib/gcc/arm-none-eabi/7.2.1/thumb/v7e-m/fpv4-sp/hard\libgcc.a(_dvmd_tls.o)
                0x08000d28                __aeabi_idiv0
                0x08000d28                __aeabi_ldiv0
 .text          0x08000d2c       0x10 c:/ac6/systemworkbench/plugins/fr.ac6.mcu.externaltools.arm-none.win32_1.16.0.201807130628/tools/compiler/bin/../lib/gcc/arm-none-eabi/7.2.1/../../../../arm-none-eabi/lib/thumb/v7e-m/fpv4-sp/hard\libc_nano.a(lib_a-strlen.o)
                0x08000d2c                strlen
 *fill*         0x08000d3c        0x4 
 .text          0x08000d40       0xa0 c:/ac6/systemworkbench/plugins/fr.ac6.mcu.externaltools.arm-none.win32_1.16.0.201807130628/tools/compiler/bin/../lib/gcc/arm-none-eabi/7.2.1/../../../../arm-none-eabi/lib/thumb/v7e-m/fpv4-sp/hard\libc_nano.a(lib_a-memchr.o)
                0x08000d40                memchr
 .text          0x08000de0      0x110 c:/ac6/systemworkbench/plugins/fr.ac6.mcu.externaltools.arm-none.win32_1.16.0.201807130628/tools/compiler/bin/../lib/gcc/arm-none-eabi/7.2.1/thumb/v7e-m/fpv4-sp/hard\libgcc.a(_arm_cmpdf2.o)
                0x08000de0                __gtdf2
                0x08000de0                __gedf2
                0x08000de8                __ltdf2
                0x08000de8                __ledf2
                0x08000df0                __nedf2
                0x08000df0                __eqdf2
                0x08000df0                __cmpdf2
                0x08000e6c                __aeabi_cdrcmple
                0x08000e7c                __aeabi_cdcmpeq
                0x08000e7c                __aeabi_cdcmple
                0x08000e8c                __aeabi_dcmpeq
                0x08000ea0                __aeabi_dcmplt
                0x08000eb4                __aeabi_dcmple
                0x08000ec8                __aeabi_dcmpge
                0x08000edc                __aeabi_dcmpgt
 .text          0x08000ef0       0x2c c:/ac6/systemworkbench/plugins/fr.ac6.mcu.externaltools.arm-none.win32_1.16.0.201807130628/tools/compiler/bin/../lib/gcc/arm-none-eabi/7.2.1/thumb/v7e-m/fpv4-sp/hard\libgcc.a(_arm_unorddf2.o)
                0x08000ef0                __unorddf2
                0x08000ef0                __aeabi_dcmpun
 .text          0x08000f1c       0x50 c:/ac6/systemworkbench/plugins/fr.ac6.mcu.externaltools.arm-none.win32_1.16.0.201807130628/tools/compiler/bin/../lib/gcc/arm-none-eabi/7.2.1/thumb/v7e-m/fpv4-sp/hard\libgcc.a(_arm_fixdfsi.o)
                0x08000f1c                __aeabi_d2iz
                0x08000f1c                __fixdfsi
 *(.text*)
 .text.Reset_Handler
                0x08000f6c       0x50 Application/SW4STM32/startup_stm32f429xx.o
                0x08000f6c                Reset_Handler
 .text.Default_Handler
                0x08000fbc        0x2 Application/SW4STM32/startup_stm32f429xx.o
                0x08000fbc                RTC_Alarm_IRQHandler
                0x08000fbc                HASH_RNG_IRQHandler
                0x08000fbc                TIM8_CC_IRQHandler
                0x08000fbc                DebugMon_Handler
                0x08000fbc                UART8_IRQHandler
                0x08000fbc                SPI4_IRQHandler
                0x08000fbc                TIM1_CC_IRQHandler
                0x08000fbc                DMA2_Stream5_IRQHandler
                0x08000fbc                HardFault_Handler
                0x08000fbc                DMA1_Stream5_IRQHandler
                0x08000fbc                PVD_IRQHandler
                0x08000fbc                SDIO_IRQHandler
                0x08000fbc                TAMP_STAMP_IRQHandler
                0x08000fbc                NMI_Handler
                0x08000fbc                CAN2_RX1_IRQHandler
                0x08000fbc                TIM8_TRG_COM_TIM14_IRQHandler
                0x08000fbc                TIM1_UP_TIM10_IRQHandler
                0x08000fbc                TIM8_UP_TIM13_IRQHandler
                0x08000fbc                I2C3_ER_IRQHandler
                0x08000fbc                EXTI0_IRQHandler
                0x08000fbc                I2C2_EV_IRQHandler
                0x08000fbc                DMA1_Stream2_IRQHandler
                0x08000fbc                CAN1_RX0_IRQHandler
                0x08000fbc                FPU_IRQHandler
                0x08000fbc                OTG_HS_WKUP_IRQHandler
                0x08000fbc                UsageFault_Handler
                0x08000fbc                LTDC_ER_IRQHandler
                0x08000fbc                CAN2_SCE_IRQHandler
                0x08000fbc                DMA2_Stream2_IRQHandler
                0x08000fbc                SPI1_IRQHandler
                0x08000fbc                TIM6_DAC_IRQHandler
                0x08000fbc                TIM1_BRK_TIM9_IRQHandler
                0x08000fbc                DCMI_IRQHandler
                0x08000fbc                CAN2_RX0_IRQHandler
                0x08000fbc                DMA2_Stream3_IRQHandler
                0x08000fbc                USART6_IRQHandler
                0x08000fbc                USART3_IRQHandler
                0x08000fbc                CAN1_RX1_IRQHandler
                0x08000fbc                UART5_IRQHandler
                0x08000fbc                DMA2_Stream0_IRQHandler
                0x08000fbc                TIM4_IRQHandler
                0x08000fbc                I2C1_EV_IRQHandler
                0x08000fbc                DMA1_Stream6_IRQHandler
                0x08000fbc                DMA1_Stream1_IRQHandler
                0x08000fbc                UART4_IRQHandler
                0x08000fbc                TIM3_IRQHandler
                0x08000fbc                RCC_IRQHandler
                0x08000fbc                TIM8_BRK_TIM12_IRQHandler
                0x08000fbc                Default_Handler
                0x08000fbc                EXTI15_10_IRQHandler
                0x08000fbc                ADC_IRQHandler
                0x08000fbc                DMA1_Stream7_IRQHandler
                0x08000fbc                SPI5_IRQHandler
                0x08000fbc                TIM7_IRQHandler
                0x08000fbc                CAN2_TX_IRQHandler
                0x08000fbc                TIM5_IRQHandler
                0x08000fbc                DMA2_Stream7_IRQHandler
                0x08000fbc                I2C3_EV_IRQHandler
                0x08000fbc                EXTI9_5_IRQHandler
                0x08000fbc                RTC_WKUP_IRQHandler
                0x08000fbc                LTDC_IRQHandler
                0x08000fbc                ETH_WKUP_IRQHandler
                0x08000fbc                SPI2_IRQHandler
                0x08000fbc                OTG_HS_EP1_IN_IRQHandler
                0x08000fbc                MemManage_Handler
                0x08000fbc                DMA1_Stream0_IRQHandler
                0x08000fbc                CAN1_TX_IRQHandler
                0x08000fbc                EXTI4_IRQHandler
                0x08000fbc                ETH_IRQHandler
                0x08000fbc                OTG_HS_EP1_OUT_IRQHandler
                0x08000fbc                WWDG_IRQHandler
                0x08000fbc                SPI6_IRQHandler
                0x08000fbc                TIM2_IRQHandler
                0x08000fbc                OTG_FS_WKUP_IRQHandler
                0x08000fbc                TIM1_TRG_COM_TIM11_IRQHandler
                0x08000fbc                DMA2D_IRQHandler
                0x08000fbc                EXTI1_IRQHandler
                0x08000fbc                UART7_IRQHandler
                0x08000fbc                USART2_IRQHandler
                0x08000fbc                I2C2_ER_IRQHandler
                0x08000fbc                DMA2_Stream1_IRQHandler
                0x08000fbc                CAN1_SCE_IRQHandler
                0x08000fbc                FLASH_IRQHandler
                0x08000fbc                DMA2_Stream4_IRQHandler
                0x08000fbc                BusFault_Handler
                0x08000fbc                USART1_IRQHandler
                0x08000fbc                OTG_FS_IRQHandler
                0x08000fbc                SPI3_IRQHandler
                0x08000fbc                DMA1_Stream4_IRQHandler
                0x08000fbc                I2C1_ER_IRQHandler
                0x08000fbc                FMC_IRQHandler
                0x08000fbc                DMA2_Stream6_IRQHandler
                0x08000fbc                SAI1_IRQHandler
                0x08000fbc                DMA1_Stream3_IRQHandler
 *fill*         0x08000fbe        0x2 
 .text.MX_GPIO_Init
                0x08000fc0      0x338 Application/User/main.o
 .text.error_state
                0x080012f8       0x14 Application/User/main.o
                0x080012f8                error_state
 .text.motor    0x0800130c       0x60 Application/User/main.o
                0x0800130c                motor
 .text.map50_100
                0x0800136c       0x40 Application/User/main.o
                0x0800136c                map50_100
 .text.x_task   0x080013ac       0xc8 Application/User/main.o
                0x080013ac                x_task
 *fill*         0x08001474        0x4 
 .text.decode_payload
                0x08001478      0x128 Application/User/main.o
                0x08001478                decode_payload
 .text.comm_routine
                0x080015a0       0x1c Application/User/main.o
                0x080015a0                comm_routine
 .text.encoder_routine
                0x080015bc       0x70 Application/User/main.o
                0x080015bc                encoder_routine
 .text.HAL_GPIO_EXTI_Callback
                0x0800162c       0x12 Application/User/main.o
                0x0800162c                HAL_GPIO_EXTI_Callback
 .text._Error_Handler
                0x0800163e        0x2 Application/User/main.o
                0x0800163e                _Error_Handler
 .text.MX_TIM4_Init
                0x08001640       0x80 Application/User/main.o
 .text.SystemClock_Config
                0x080016c0       0xcc Application/User/main.o
                0x080016c0                SystemClock_Config
 .text.main     0x0800178c       0xc4 Application/User/main.o
                0x0800178c                main
 .text.HAL_MspInit
                0x08001850       0x5e Application/User/stm32f4xx_hal_msp.o
                0x08001850                HAL_MspInit
 *fill*         0x080018ae        0x2 
 .text.HAL_TIM_PWM_MspInit
                0x080018b0       0x30 Application/User/stm32f4xx_hal_msp.o
                0x080018b0                HAL_TIM_PWM_MspInit
 .text.HAL_TIM_MspPostInit
                0x080018e0       0x34 Application/User/stm32f4xx_hal_msp.o
                0x080018e0                HAL_TIM_MspPostInit
 .text.SVC_Handler
                0x08001914        0x2 Application/User/stm32f4xx_it.o
                0x08001914                SVC_Handler
 .text.PendSV_Handler
                0x08001916        0x2 Application/User/stm32f4xx_it.o
                0x08001916                PendSV_Handler
 .text.SysTick_Handler
                0x08001918        0xc Application/User/stm32f4xx_it.o
                0x08001918                SysTick_Handler
 .text.EXTI2_IRQHandler
                0x08001924        0xa Application/User/stm32f4xx_it.o
                0x08001924                EXTI2_IRQHandler
 .text.EXTI3_IRQHandler
                0x0800192e        0xa Application/User/stm32f4xx_it.o
                0x0800192e                EXTI3_IRQHandler
 .text.OTG_HS_IRQHandler
                0x08001938       0x10 Application/User/stm32f4xx_it.o
                0x08001938                OTG_HS_IRQHandler
 .text.MX_USB_DEVICE_Init
                0x08001948       0x38 Application/User/usb_device.o
                0x08001948                MX_USB_DEVICE_Init
 .text.CDC_DeInit_HS
                0x08001980        0x4 Application/User/usbd_cdc_if.o
 .text.CDC_Control_HS
                0x08001984       0x50 Application/User/usbd_cdc_if.o
 .text.CDC_Receive_HS
                0x080019d4       0x30 Application/User/usbd_cdc_if.o
 .text.CDC_Init_HS
                0x08001a04       0x28 Application/User/usbd_cdc_if.o
 .text.CDC_Transmit_HS
                0x08001a2c       0x2c Application/User/usbd_cdc_if.o
                0x08001a2c                CDC_Transmit_HS
 .text.HAL_PCD_MspInit
                0x08001a58       0x74 Application/User/usbd_conf.o
                0x08001a58                HAL_PCD_MspInit
 .text.HAL_PCD_SetupStageCallback
                0x08001acc       0x10 Application/User/usbd_conf.o
                0x08001acc                HAL_PCD_SetupStageCallback
 .text.HAL_PCD_DataOutStageCallback
                0x08001adc       0x18 Application/User/usbd_conf.o
                0x08001adc                HAL_PCD_DataOutStageCallback
 .text.HAL_PCD_DataInStageCallback
                0x08001af4       0x16 Application/User/usbd_conf.o
                0x08001af4                HAL_PCD_DataInStageCallback
 .text.HAL_PCD_SOFCallback
                0x08001b0a        0xc Application/User/usbd_conf.o
                0x08001b0a                HAL_PCD_SOFCallback
 .text.HAL_PCD_ResetCallback
                0x08001b16       0x20 Application/User/usbd_conf.o
                0x08001b16                HAL_PCD_ResetCallback
 *fill*         0x08001b36        0x2 
 .text.HAL_PCD_SuspendCallback
                0x08001b38       0x30 Application/User/usbd_conf.o
                0x08001b38                HAL_PCD_SuspendCallback
 .text.HAL_PCD_ResumeCallback
                0x08001b68        0xc Application/User/usbd_conf.o
                0x08001b68                HAL_PCD_ResumeCallback
 .text.HAL_PCD_ISOOUTIncompleteCallback
                0x08001b74        0xc Application/User/usbd_conf.o
                0x08001b74                HAL_PCD_ISOOUTIncompleteCallback
 .text.HAL_PCD_ISOINIncompleteCallback
                0x08001b80        0xc Application/User/usbd_conf.o
                0x08001b80                HAL_PCD_ISOINIncompleteCallback
 .text.HAL_PCD_ConnectCallback
                0x08001b8c        0xc Application/User/usbd_conf.o
                0x08001b8c                HAL_PCD_ConnectCallback
 .text.HAL_PCD_DisconnectCallback
                0x08001b98        0xc Application/User/usbd_conf.o
                0x08001b98                HAL_PCD_DisconnectCallback
 .text.USBD_LL_Init
                0x08001ba4       0x7c Application/User/usbd_conf.o
                0x08001ba4                USBD_LL_Init
 .text.USBD_LL_Start
                0x08001c20       0x1c Application/User/usbd_conf.o
                0x08001c20                USBD_LL_Start
 .text.USBD_LL_OpenEP
                0x08001c3c       0x22 Application/User/usbd_conf.o
                0x08001c3c                USBD_LL_OpenEP
 .text.USBD_LL_CloseEP
                0x08001c5e       0x1c Application/User/usbd_conf.o
                0x08001c5e                USBD_LL_CloseEP
 .text.USBD_LL_StallEP
                0x08001c7a       0x1c Application/User/usbd_conf.o
                0x08001c7a                USBD_LL_StallEP
 .text.USBD_LL_ClearStallEP
                0x08001c96       0x1c Application/User/usbd_conf.o
                0x08001c96                USBD_LL_ClearStallEP
 .text.USBD_LL_IsStallEP
                0x08001cb2       0x2e Application/User/usbd_conf.o
                0x08001cb2                USBD_LL_IsStallEP
 .text.USBD_LL_SetUSBAddress
                0x08001ce0       0x1c Application/User/usbd_conf.o
                0x08001ce0                USBD_LL_SetUSBAddress
 .text.USBD_LL_Transmit
                0x08001cfc       0x1c Application/User/usbd_conf.o
                0x08001cfc                USBD_LL_Transmit
 .text.USBD_LL_PrepareReceive
                0x08001d18       0x1c Application/User/usbd_conf.o
                0x08001d18                USBD_LL_PrepareReceive
 .text.USBD_LL_GetRxDataSize
                0x08001d34        0xc Application/User/usbd_conf.o
                0x08001d34                USBD_LL_GetRxDataSize
 .text.USBD_HS_DeviceDescriptor
                0x08001d40        0xc Application/User/usbd_desc.o
                0x08001d40                USBD_HS_DeviceDescriptor
 .text.USBD_HS_LangIDStrDescriptor
                0x08001d4c        0xc Application/User/usbd_desc.o
                0x08001d4c                USBD_HS_LangIDStrDescriptor
 .text.USBD_HS_ProductStrDescriptor
                0x08001d58       0x24 Application/User/usbd_desc.o
                0x08001d58                USBD_HS_ProductStrDescriptor
 .text.USBD_HS_ManufacturerStrDescriptor
                0x08001d7c       0x1c Application/User/usbd_desc.o
                0x08001d7c                USBD_HS_ManufacturerStrDescriptor
 .text.USBD_HS_SerialStrDescriptor
                0x08001d98       0x24 Application/User/usbd_desc.o
                0x08001d98                USBD_HS_SerialStrDescriptor
 .text.USBD_HS_ConfigStrDescriptor
                0x08001dbc       0x24 Application/User/usbd_desc.o
                0x08001dbc                USBD_HS_ConfigStrDescriptor
 .text.USBD_HS_InterfaceStrDescriptor
                0x08001de0       0x24 Application/User/usbd_desc.o
                0x08001de0                USBD_HS_InterfaceStrDescriptor
 .text.SystemInit
                0x08001e04       0x4c Drivers/CMSIS/system_stm32f4xx.o
                0x08001e04                SystemInit
 .text.HAL_InitTick
                0x08001e50       0x2c Drivers/STM32F4xx_HAL_Driver/stm32f4xx_hal.o
                0x08001e50                HAL_InitTick
 .text.HAL_Init
                0x08001e7c       0x34 Drivers/STM32F4xx_HAL_Driver/stm32f4xx_hal.o
                0x08001e7c                HAL_Init
 .text.HAL_IncTick
                0x08001eb0       0x10 Drivers/STM32F4xx_HAL_Driver/stm32f4xx_hal.o
                0x08001eb0                HAL_IncTick
 .text.HAL_GetTick
                0x08001ec0        0xc Drivers/STM32F4xx_HAL_Driver/stm32f4xx_hal.o
                0x08001ec0                HAL_GetTick
 .text.HAL_Delay
                0x08001ecc       0x24 Drivers/STM32F4xx_HAL_Driver/stm32f4xx_hal.o
                0x08001ecc                HAL_Delay
 .text.HAL_NVIC_SetPriorityGrouping
                0x08001ef0       0x24 Drivers/STM32F4xx_HAL_Driver/stm32f4xx_hal_cortex.o
                0x08001ef0                HAL_NVIC_SetPriorityGrouping
 .text.HAL_NVIC_SetPriority
                0x08001f14       0x68 Drivers/STM32F4xx_HAL_Driver/stm32f4xx_hal_cortex.o
                0x08001f14                HAL_NVIC_SetPriority
 .text.HAL_NVIC_EnableIRQ
                0x08001f7c       0x18 Drivers/STM32F4xx_HAL_Driver/stm32f4xx_hal_cortex.o
                0x08001f7c                HAL_NVIC_EnableIRQ
 .text.HAL_SYSTICK_Config
                0x08001f94       0x2c Drivers/STM32F4xx_HAL_Driver/stm32f4xx_hal_cortex.o
                0x08001f94                HAL_SYSTICK_Config
 .text.HAL_SYSTICK_CLKSourceConfig
                0x08001fc0       0x20 Drivers/STM32F4xx_HAL_Driver/stm32f4xx_hal_cortex.o
                0x08001fc0                HAL_SYSTICK_CLKSourceConfig
 .text.HAL_SYSTICK_Callback
                0x08001fe0        0x2 Drivers/STM32F4xx_HAL_Driver/stm32f4xx_hal_cortex.o
                0x08001fe0                HAL_SYSTICK_Callback
 .text.HAL_SYSTICK_IRQHandler
                0x08001fe2        0x8 Drivers/STM32F4xx_HAL_Driver/stm32f4xx_hal_cortex.o
                0x08001fe2                HAL_SYSTICK_IRQHandler
 *fill*         0x08001fea        0x2 
 .text.HAL_GPIO_Init
                0x08001fec      0x1e0 Drivers/STM32F4xx_HAL_Driver/stm32f4xx_hal_gpio.o
                0x08001fec                HAL_GPIO_Init
 .text.HAL_GPIO_ReadPin
                0x080021cc        0xe Drivers/STM32F4xx_HAL_Driver/stm32f4xx_hal_gpio.o
                0x080021cc                HAL_GPIO_ReadPin
 .text.HAL_GPIO_WritePin
                0x080021da        0xc Drivers/STM32F4xx_HAL_Driver/stm32f4xx_hal_gpio.o
                0x080021da                HAL_GPIO_WritePin
 *fill*         0x080021e6        0x2 
 .text.HAL_GPIO_EXTI_IRQHandler
                0x080021e8       0x1c Drivers/STM32F4xx_HAL_Driver/stm32f4xx_hal_gpio.o
                0x080021e8                HAL_GPIO_EXTI_IRQHandler
 .text.PCD_WriteEmptyTxFifo
                0x08002204       0xac Drivers/STM32F4xx_HAL_Driver/stm32f4xx_hal_pcd.o
 .text.HAL_PCD_Init
                0x080022b0       0xe0 Drivers/STM32F4xx_HAL_Driver/stm32f4xx_hal_pcd.o
                0x080022b0                HAL_PCD_Init
 .text.HAL_PCD_Start
                0x08002390       0x2a Drivers/STM32F4xx_HAL_Driver/stm32f4xx_hal_pcd.o
                0x08002390                HAL_PCD_Start
 *fill*         0x080023ba        0x2 
 .text.HAL_PCD_IRQHandler
                0x080023bc      0x5c4 Drivers/STM32F4xx_HAL_Driver/stm32f4xx_hal_pcd.o
                0x080023bc                HAL_PCD_IRQHandler
 .text.HAL_PCD_SetAddress
                0x08002980       0x24 Drivers/STM32F4xx_HAL_Driver/stm32f4xx_hal_pcd.o
                0x08002980                HAL_PCD_SetAddress
 .text.HAL_PCD_EP_Open
                0x080029a4       0x68 Drivers/STM32F4xx_HAL_Driver/stm32f4xx_hal_pcd.o
                0x080029a4                HAL_PCD_EP_Open
 .text.HAL_PCD_EP_Close
                0x08002a0c       0x56 Drivers/STM32F4xx_HAL_Driver/stm32f4xx_hal_pcd.o
                0x08002a0c                HAL_PCD_EP_Close
 .text.HAL_PCD_EP_Receive
                0x08002a62       0x5a Drivers/STM32F4xx_HAL_Driver/stm32f4xx_hal_pcd.o
                0x08002a62                HAL_PCD_EP_Receive
 .text.HAL_PCD_EP_GetRxCount
                0x08002abc       0x12 Drivers/STM32F4xx_HAL_Driver/stm32f4xx_hal_pcd.o
                0x08002abc                HAL_PCD_EP_GetRxCount
 .text.HAL_PCD_EP_Transmit
                0x08002ace       0x52 Drivers/STM32F4xx_HAL_Driver/stm32f4xx_hal_pcd.o
                0x08002ace                HAL_PCD_EP_Transmit
 .text.HAL_PCD_EP_SetStall
                0x08002b20       0x66 Drivers/STM32F4xx_HAL_Driver/stm32f4xx_hal_pcd.o
                0x08002b20                HAL_PCD_EP_SetStall
 .text.HAL_PCD_EP_ClrStall
                0x08002b86       0x56 Drivers/STM32F4xx_HAL_Driver/stm32f4xx_hal_pcd.o
                0x08002b86                HAL_PCD_EP_ClrStall
 .text.HAL_PCDEx_SetTxFiFo
                0x08002bdc       0x48 Drivers/STM32F4xx_HAL_Driver/stm32f4xx_hal_pcd_ex.o
                0x08002bdc                HAL_PCDEx_SetTxFiFo
 .text.HAL_PCDEx_SetRxFiFo
                0x08002c24        0x8 Drivers/STM32F4xx_HAL_Driver/stm32f4xx_hal_pcd_ex.o
                0x08002c24                HAL_PCDEx_SetRxFiFo
 .text.HAL_RCC_OscConfig
                0x08002c2c      0x378 Drivers/STM32F4xx_HAL_Driver/stm32f4xx_hal_rcc.o
                0x08002c2c                HAL_RCC_OscConfig
 .text.HAL_RCC_GetSysClockFreq
                0x08002fa4       0xd8 Drivers/STM32F4xx_HAL_Driver/stm32f4xx_hal_rcc.o
                0x08002fa4                HAL_RCC_GetSysClockFreq
 .text.HAL_RCC_ClockConfig
                0x0800307c      0x158 Drivers/STM32F4xx_HAL_Driver/stm32f4xx_hal_rcc.o
                0x0800307c                HAL_RCC_ClockConfig
 .text.HAL_RCC_GetHCLKFreq
                0x080031d4        0xc Drivers/STM32F4xx_HAL_Driver/stm32f4xx_hal_rcc.o
                0x080031d4                HAL_RCC_GetHCLKFreq
 .text.TIM_OC1_SetConfig
                0x080031e0       0x5c Drivers/STM32F4xx_HAL_Driver/stm32f4xx_hal_tim.o
 .text.TIM_OC3_SetConfig
                0x0800323c       0x60 Drivers/STM32F4xx_HAL_Driver/stm32f4xx_hal_tim.o
 .text.TIM_OC4_SetConfig
                0x0800329c       0x50 Drivers/STM32F4xx_HAL_Driver/stm32f4xx_hal_tim.o
 .text.TIM_Base_SetConfig
                0x080032ec       0xc0 Drivers/STM32F4xx_HAL_Driver/stm32f4xx_hal_tim.o
                0x080032ec                TIM_Base_SetConfig
 .text.HAL_TIM_PWM_Init
                0x080033ac       0x32 Drivers/STM32F4xx_HAL_Driver/stm32f4xx_hal_tim.o
                0x080033ac                HAL_TIM_PWM_Init
 *fill*         0x080033de        0x2 
 .text.TIM_OC2_SetConfig
                0x080033e0       0x64 Drivers/STM32F4xx_HAL_Driver/stm32f4xx_hal_tim.o
                0x080033e0                TIM_OC2_SetConfig
 .text.HAL_TIM_PWM_ConfigChannel
                0x08003444       0xdc Drivers/STM32F4xx_HAL_Driver/stm32f4xx_hal_tim.o
                0x08003444                HAL_TIM_PWM_ConfigChannel
 .text.TIM_CCxChannelCmd
                0x08003520       0x1e Drivers/STM32F4xx_HAL_Driver/stm32f4xx_hal_tim.o
                0x08003520                TIM_CCxChannelCmd
 *fill*         0x0800353e        0x2 
 .text.HAL_TIM_PWM_Start
                0x08003540       0x38 Drivers/STM32F4xx_HAL_Driver/stm32f4xx_hal_tim.o
                0x08003540                HAL_TIM_PWM_Start
 .text.HAL_TIMEx_MasterConfigSynchronization
                0x08003578       0x52 Drivers/STM32F4xx_HAL_Driver/stm32f4xx_hal_tim_ex.o
                0x08003578                HAL_TIMEx_MasterConfigSynchronization
 .text.USB_CoreInit
                0x080035ca       0x7c Drivers/STM32F4xx_HAL_Driver/stm32f4xx_ll_usb.o
                0x080035ca                USB_CoreInit
 .text.USB_EnableGlobalInt
                0x08003646        0xc Drivers/STM32F4xx_HAL_Driver/stm32f4xx_ll_usb.o
                0x08003646                USB_EnableGlobalInt
 .text.USB_DisableGlobalInt
                0x08003652        0xc Drivers/STM32F4xx_HAL_Driver/stm32f4xx_ll_usb.o
                0x08003652                USB_DisableGlobalInt
 .text.USB_SetCurrentMode
                0x0800365e       0x2c Drivers/STM32F4xx_HAL_Driver/stm32f4xx_ll_usb.o
                0x0800365e                USB_SetCurrentMode
 *fill*         0x0800368a        0x2 
 .text.USB_DevInit
                0x0800368c      0x150 Drivers/STM32F4xx_HAL_Driver/stm32f4xx_ll_usb.o
                0x0800368c                USB_DevInit
 .text.USB_FlushTxFifo
                0x080037dc       0x28 Drivers/STM32F4xx_HAL_Driver/stm32f4xx_ll_usb.o
                0x080037dc                USB_FlushTxFifo
 .text.USB_FlushRxFifo
                0x08003804       0x24 Drivers/STM32F4xx_HAL_Driver/stm32f4xx_ll_usb.o
                0x08003804                USB_FlushRxFifo
 .text.USB_SetDevSpeed
                0x08003828        0xe Drivers/STM32F4xx_HAL_Driver/stm32f4xx_ll_usb.o
                0x08003828                USB_SetDevSpeed
 .text.USB_GetDevSpeed
                0x08003836       0x40 Drivers/STM32F4xx_HAL_Driver/stm32f4xx_ll_usb.o
                0x08003836                USB_GetDevSpeed
 .text.USB_ActivateEndpoint
                0x08003876       0x92 Drivers/STM32F4xx_HAL_Driver/stm32f4xx_ll_usb.o
                0x08003876                USB_ActivateEndpoint
 .text.USB_DeactivateEndpoint
                0x08003908       0xf0 Drivers/STM32F4xx_HAL_Driver/stm32f4xx_ll_usb.o
                0x08003908                USB_DeactivateEndpoint
 .text.USB_EPStartXfer
                0x080039f8      0x264 Drivers/STM32F4xx_HAL_Driver/stm32f4xx_ll_usb.o
                0x080039f8                USB_EPStartXfer
 .text.USB_EP0StartXfer
                0x08003c5c      0x160 Drivers/STM32F4xx_HAL_Driver/stm32f4xx_ll_usb.o
                0x08003c5c                USB_EP0StartXfer
 .text.USB_WritePacket
                0x08003dbc       0x28 Drivers/STM32F4xx_HAL_Driver/stm32f4xx_ll_usb.o
                0x08003dbc                USB_WritePacket
 .text.USB_ReadPacket
                0x08003de4       0x28 Drivers/STM32F4xx_HAL_Driver/stm32f4xx_ll_usb.o
                0x08003de4                USB_ReadPacket
 .text.USB_EPSetStall
                0x08003e0c       0x64 Drivers/STM32F4xx_HAL_Driver/stm32f4xx_ll_usb.o
                0x08003e0c                USB_EPSetStall
 .text.USB_EPClearStall
                0x08003e70       0x6a Drivers/STM32F4xx_HAL_Driver/stm32f4xx_ll_usb.o
                0x08003e70                USB_EPClearStall
 .text.USB_SetDevAddress
                0x08003eda       0x20 Drivers/STM32F4xx_HAL_Driver/stm32f4xx_ll_usb.o
                0x08003eda                USB_SetDevAddress
 .text.USB_DevConnect
                0x08003efa       0x18 Drivers/STM32F4xx_HAL_Driver/stm32f4xx_ll_usb.o
                0x08003efa                USB_DevConnect
 .text.USB_DevDisconnect
                0x08003f12       0x18 Drivers/STM32F4xx_HAL_Driver/stm32f4xx_ll_usb.o
                0x08003f12                USB_DevDisconnect
 .text.USB_ReadInterrupts
                0x08003f2a        0x8 Drivers/STM32F4xx_HAL_Driver/stm32f4xx_ll_usb.o
                0x08003f2a                USB_ReadInterrupts
 .text.USB_ReadDevAllOutEpInterrupt
                0x08003f32       0x10 Drivers/STM32F4xx_HAL_Driver/stm32f4xx_ll_usb.o
                0x08003f32                USB_ReadDevAllOutEpInterrupt
 .text.USB_ReadDevAllInEpInterrupt
                0x08003f42       0x10 Drivers/STM32F4xx_HAL_Driver/stm32f4xx_ll_usb.o
                0x08003f42                USB_ReadDevAllInEpInterrupt
 .text.USB_ReadDevOutEPInterrupt
                0x08003f52       0x12 Drivers/STM32F4xx_HAL_Driver/stm32f4xx_ll_usb.o
                0x08003f52                USB_ReadDevOutEPInterrupt
 .text.USB_ReadDevInEPInterrupt
                0x08003f64       0x24 Drivers/STM32F4xx_HAL_Driver/stm32f4xx_ll_usb.o
                0x08003f64                USB_ReadDevInEPInterrupt
 .text.USB_GetMode
                0x08003f88        0x8 Drivers/STM32F4xx_HAL_Driver/stm32f4xx_ll_usb.o
                0x08003f88                USB_GetMode
 .text.USB_ActivateSetup
                0x08003f90       0x38 Drivers/STM32F4xx_HAL_Driver/stm32f4xx_ll_usb.o
                0x08003f90                USB_ActivateSetup
 .text.USB_EP0_OutStart
                0x08003fc8       0x46 Drivers/STM32F4xx_HAL_Driver/stm32f4xx_ll_usb.o
                0x08003fc8                USB_EP0_OutStart
 *fill*         0x0800400e        0x2 
 .text.USB_CoreReset
                0x08004010       0x3c Drivers/STM32F4xx_HAL_Driver/stm32f4xx_ll_usb.o
 .text.USBD_CDC_DataIn
                0x0800404c       0x12 Middlewares/USB_Device_Library/usbd_cdc.o
 .text.USBD_CDC_EP0_RxReady
                0x0800405e       0x28 Middlewares/USB_Device_Library/usbd_cdc.o
 *fill*         0x08004086        0x2 
 .text.USBD_CDC_GetFSCfgDesc
                0x08004088        0xc Middlewares/USB_Device_Library/usbd_cdc.o
 .text.USBD_CDC_GetHSCfgDesc
                0x08004094        0xc Middlewares/USB_Device_Library/usbd_cdc.o
 .text.USBD_CDC_GetOtherSpeedCfgDesc
                0x080040a0        0xc Middlewares/USB_Device_Library/usbd_cdc.o
 .text.USBD_CDC_GetDeviceQualifierDescriptor
                0x080040ac        0xc Middlewares/USB_Device_Library/usbd_cdc.o
                0x080040ac                USBD_CDC_GetDeviceQualifierDescriptor
 .text.USBD_CDC_DataOut
                0x080040b8       0x2e Middlewares/USB_Device_Library/usbd_cdc.o
 *fill*         0x080040e6        0x2 
 .text.USBD_CDC_Setup
                0x080040e8       0x74 Middlewares/USB_Device_Library/usbd_cdc.o
 .text.USBD_CDC_DeInit
                0x0800415c       0x3a Middlewares/USB_Device_Library/usbd_cdc.o
 .text.USBD_CDC_Init
                0x08004196       0x96 Middlewares/USB_Device_Library/usbd_cdc.o
 .text.USBD_CDC_RegisterInterface
                0x0800422c        0xe Middlewares/USB_Device_Library/usbd_cdc.o
                0x0800422c                USBD_CDC_RegisterInterface
 .text.USBD_CDC_SetTxBuffer
                0x0800423a       0x10 Middlewares/USB_Device_Library/usbd_cdc.o
                0x0800423a                USBD_CDC_SetTxBuffer
 .text.USBD_CDC_SetRxBuffer
                0x0800424a        0xc Middlewares/USB_Device_Library/usbd_cdc.o
                0x0800424a                USBD_CDC_SetRxBuffer
 .text.USBD_CDC_TransmitPacket
                0x08004256       0x2e Middlewares/USB_Device_Library/usbd_cdc.o
                0x08004256                USBD_CDC_TransmitPacket
 .text.USBD_CDC_ReceivePacket
                0x08004284       0x32 Middlewares/USB_Device_Library/usbd_cdc.o
                0x08004284                USBD_CDC_ReceivePacket
 .text.USBD_Init
                0x080042b6       0x2e Middlewares/USB_Device_Library/usbd_core.o
                0x080042b6                USBD_Init
 .text.USBD_RegisterClass
                0x080042e4        0xe Middlewares/USB_Device_Library/usbd_core.o
                0x080042e4                USBD_RegisterClass
 .text.USBD_Start
                0x080042f2        0xa Middlewares/USB_Device_Library/usbd_core.o
                0x080042f2                USBD_Start
 .text.USBD_SetClassConfig
                0x080042fc       0x1a Middlewares/USB_Device_Library/usbd_core.o
                0x080042fc                USBD_SetClassConfig
 .text.USBD_ClrClassConfig
                0x08004316        0xe Middlewares/USB_Device_Library/usbd_core.o
                0x08004316                USBD_ClrClassConfig
 .text.USBD_LL_SetupStage
                0x08004324       0x5a Middlewares/USB_Device_Library/usbd_core.o
                0x08004324                USBD_LL_SetupStage
 .text.USBD_LL_DataOutStage
                0x0800437e       0x6a Middlewares/USB_Device_Library/usbd_core.o
                0x0800437e                USBD_LL_DataOutStage
 .text.USBD_LL_DataInStage
                0x080043e8       0xb0 Middlewares/USB_Device_Library/usbd_core.o
                0x080043e8                USBD_LL_DataInStage
 .text.USBD_LL_Reset
                0x08004498       0x3e Middlewares/USB_Device_Library/usbd_core.o
                0x08004498                USBD_LL_Reset
 .text.USBD_LL_SetSpeed
                0x080044d6        0x6 Middlewares/USB_Device_Library/usbd_core.o
                0x080044d6                USBD_LL_SetSpeed
 .text.USBD_LL_Suspend
                0x080044dc       0x12 Middlewares/USB_Device_Library/usbd_core.o
                0x080044dc                USBD_LL_Suspend
 .text.USBD_LL_Resume
                0x080044ee        0xc Middlewares/USB_Device_Library/usbd_core.o
                0x080044ee                USBD_LL_Resume
 .text.USBD_LL_SOF
                0x080044fa       0x1c Middlewares/USB_Device_Library/usbd_core.o
                0x080044fa                USBD_LL_SOF
 .text.USBD_LL_IsoINIncomplete
                0x08004516        0x4 Middlewares/USB_Device_Library/usbd_core.o
                0x08004516                USBD_LL_IsoINIncomplete
 .text.USBD_LL_IsoOUTIncomplete
                0x0800451a        0x4 Middlewares/USB_Device_Library/usbd_core.o
                0x0800451a                USBD_LL_IsoOUTIncomplete
 .text.USBD_LL_DevConnected
                0x0800451e        0x4 Middlewares/USB_Device_Library/usbd_core.o
                0x0800451e                USBD_LL_DevConnected
 .text.USBD_LL_DevDisconnected
                0x08004522       0x16 Middlewares/USB_Device_Library/usbd_core.o
                0x08004522                USBD_LL_DevDisconnected
 .text.USBD_GetLen
                0x08004538       0x14 Middlewares/USB_Device_Library/usbd_ctlreq.o
 .text.USBD_SetFeature
                0x0800454c       0x20 Middlewares/USB_Device_Library/usbd_ctlreq.o
 .text.USBD_ParseSetupRequest
                0x0800456c       0x28 Middlewares/USB_Device_Library/usbd_ctlreq.o
                0x0800456c                USBD_ParseSetupRequest
 .text.USBD_CtlError
                0x08004594       0x14 Middlewares/USB_Device_Library/usbd_ctlreq.o
                0x08004594                USBD_CtlError
 .text.USBD_GetDescriptor
                0x080045a8      0x132 Middlewares/USB_Device_Library/usbd_ctlreq.o
 .text.USBD_SetAddress
                0x080046da       0x4a Middlewares/USB_Device_Library/usbd_ctlreq.o
 .text.USBD_SetConfig
                0x08004724       0xa4 Middlewares/USB_Device_Library/usbd_ctlreq.o
 .text.USBD_GetConfig
                0x080047c8       0x3a Middlewares/USB_Device_Library/usbd_ctlreq.o
 .text.USBD_GetStatus
                0x08004802       0x2c Middlewares/USB_Device_Library/usbd_ctlreq.o
 .text.USBD_ClrFeature
                0x0800482e       0x30 Middlewares/USB_Device_Library/usbd_ctlreq.o
 .text.USBD_StdDevReq
                0x0800485e       0x48 Middlewares/USB_Device_Library/usbd_ctlreq.o
                0x0800485e                USBD_StdDevReq
 .text.USBD_StdItfReq
                0x080048a6       0x38 Middlewares/USB_Device_Library/usbd_ctlreq.o
                0x080048a6                USBD_StdItfReq
 .text.USBD_StdEPReq
                0x080048de      0x118 Middlewares/USB_Device_Library/usbd_ctlreq.o
                0x080048de                USBD_StdEPReq
 .text.USBD_GetString
                0x080049f6       0x3a Middlewares/USB_Device_Library/usbd_ctlreq.o
                0x080049f6                USBD_GetString
 .text.USBD_CtlSendData
                0x08004a30       0x1a Middlewares/USB_Device_Library/usbd_ioreq.o
                0x08004a30                USBD_CtlSendData
 .text.USBD_CtlContinueSendData
                0x08004a4a       0x10 Middlewares/USB_Device_Library/usbd_ioreq.o
                0x08004a4a                USBD_CtlContinueSendData
 .text.USBD_CtlPrepareRx
                0x08004a5a       0x1e Middlewares/USB_Device_Library/usbd_ioreq.o
                0x08004a5a                USBD_CtlPrepareRx
 .text.USBD_CtlContinueRx
                0x08004a78       0x10 Middlewares/USB_Device_Library/usbd_ioreq.o
                0x08004a78                USBD_CtlContinueRx
 .text.USBD_CtlSendStatus
                0x08004a88       0x16 Middlewares/USB_Device_Library/usbd_ioreq.o
                0x08004a88                USBD_CtlSendStatus
 .text.USBD_CtlReceiveStatus
                0x08004a9e       0x16 Middlewares/USB_Device_Library/usbd_ioreq.o
                0x08004a9e                USBD_CtlReceiveStatus
 .text.__libc_init_array
                0x08004ab4       0x48 c:/ac6/systemworkbench/plugins/fr.ac6.mcu.externaltools.arm-none.win32_1.16.0.201807130628/tools/compiler/bin/../lib/gcc/arm-none-eabi/7.2.1/../../../../arm-none-eabi/lib/thumb/v7e-m/fpv4-sp/hard\libc_nano.a(lib_a-init.o)
                0x08004ab4                __libc_init_array
 .text.malloc   0x08004afc       0x10 c:/ac6/systemworkbench/plugins/fr.ac6.mcu.externaltools.arm-none.win32_1.16.0.201807130628/tools/compiler/bin/../lib/gcc/arm-none-eabi/7.2.1/../../../../arm-none-eabi/lib/thumb/v7e-m/fpv4-sp/hard\libc_nano.a(lib_a-malloc.o)
                0x08004afc                malloc
 .text.free     0x08004b0c       0x10 c:/ac6/systemworkbench/plugins/fr.ac6.mcu.externaltools.arm-none.win32_1.16.0.201807130628/tools/compiler/bin/../lib/gcc/arm-none-eabi/7.2.1/../../../../arm-none-eabi/lib/thumb/v7e-m/fpv4-sp/hard\libc_nano.a(lib_a-malloc.o)
                0x08004b0c                free
 .text.memset   0x08004b1c       0x10 c:/ac6/systemworkbench/plugins/fr.ac6.mcu.externaltools.arm-none.win32_1.16.0.201807130628/tools/compiler/bin/../lib/gcc/arm-none-eabi/7.2.1/../../../../arm-none-eabi/lib/thumb/v7e-m/fpv4-sp/hard\libc_nano.a(lib_a-memset.o)
                0x08004b1c                memset
 .text._free_r  0x08004b2c       0x9c c:/ac6/systemworkbench/plugins/fr.ac6.mcu.externaltools.arm-none.win32_1.16.0.201807130628/tools/compiler/bin/../lib/gcc/arm-none-eabi/7.2.1/../../../../arm-none-eabi/lib/thumb/v7e-m/fpv4-sp/hard\libc_nano.a(lib_a-nano-freer.o)
                0x08004b2c                _free_r
 .text._malloc_r
                0x08004bc8       0xb4 c:/ac6/systemworkbench/plugins/fr.ac6.mcu.externaltools.arm-none.win32_1.16.0.201807130628/tools/compiler/bin/../lib/gcc/arm-none-eabi/7.2.1/../../../../arm-none-eabi/lib/thumb/v7e-m/fpv4-sp/hard\libc_nano.a(lib_a-nano-mallocr.o)
                0x08004bc8                _malloc_r
 .text.__cvt    0x08004c7c       0xc2 c:/ac6/systemworkbench/plugins/fr.ac6.mcu.externaltools.arm-none.win32_1.16.0.201807130628/tools/compiler/bin/../lib/gcc/arm-none-eabi/7.2.1/../../../../arm-none-eabi/lib/thumb/v7e-m/fpv4-sp/hard\libc_nano.a(lib_a-nano-vfprintf_float.o)
                0x08004c7c                __cvt
 .text.__exponent
                0x08004d3e       0x66 c:/ac6/systemworkbench/plugins/fr.ac6.mcu.externaltools.arm-none.win32_1.16.0.201807130628/tools/compiler/bin/../lib/gcc/arm-none-eabi/7.2.1/../../../../arm-none-eabi/lib/thumb/v7e-m/fpv4-sp/hard\libc_nano.a(lib_a-nano-vfprintf_float.o)
                0x08004d3e                __exponent
 .text._printf_float
                0x08004da4      0x480 c:/ac6/systemworkbench/plugins/fr.ac6.mcu.externaltools.arm-none.win32_1.16.0.201807130628/tools/compiler/bin/../lib/gcc/arm-none-eabi/7.2.1/../../../../arm-none-eabi/lib/thumb/v7e-m/fpv4-sp/hard\libc_nano.a(lib_a-nano-vfprintf_float.o)
                0x08004da4                _printf_float
 .text._printf_common
                0x08005224       0xea c:/ac6/systemworkbench/plugins/fr.ac6.mcu.externaltools.arm-none.win32_1.16.0.201807130628/tools/compiler/bin/../lib/gcc/arm-none-eabi/7.2.1/../../../../arm-none-eabi/lib/thumb/v7e-m/fpv4-sp/hard\libc_nano.a(lib_a-nano-vfprintf_i.o)
                0x08005224                _printf_common
 *fill*         0x0800530e        0x2 
 .text._printf_i
                0x08005310      0x224 c:/ac6/systemworkbench/plugins/fr.ac6.mcu.externaltools.arm-none.win32_1.16.0.201807130628/tools/compiler/bin/../lib/gcc/arm-none-eabi/7.2.1/../../../../arm-none-eabi/lib/thumb/v7e-m/fpv4-sp/hard\libc_nano.a(lib_a-nano-vfprintf_i.o)
                0x08005310                _printf_i
 .text._sbrk_r  0x08005534       0x20 c:/ac6/systemworkbench/plugins/fr.ac6.mcu.externaltools.arm-none.win32_1.16.0.201807130628/tools/compiler/bin/../lib/gcc/arm-none-eabi/7.2.1/../../../../arm-none-eabi/lib/thumb/v7e-m/fpv4-sp/hard\libc_nano.a(lib_a-sbrkr.o)
                0x08005534                _sbrk_r
 .text.snprintf
                0x08005554       0x68 c:/ac6/systemworkbench/plugins/fr.ac6.mcu.externaltools.arm-none.win32_1.16.0.201807130628/tools/compiler/bin/../lib/gcc/arm-none-eabi/7.2.1/../../../../arm-none-eabi/lib/thumb/v7e-m/fpv4-sp/hard\libc_nano.a(lib_a-snprintf.o)
                0x08005554                sniprintf
                0x08005554                snprintf
 .text._strtol_l.isra.0
                0x080055bc       0xf6 c:/ac6/systemworkbench/plugins/fr.ac6.mcu.externaltools.arm-none.win32_1.16.0.201807130628/tools/compiler/bin/../lib/gcc/arm-none-eabi/7.2.1/../../../../arm-none-eabi/lib/thumb/v7e-m/fpv4-sp/hard\libc_nano.a(lib_a-strtol.o)
 *fill*         0x080056b2        0x2 
 .text.strtol   0x080056b4       0x2c c:/ac6/systemworkbench/plugins/fr.ac6.mcu.externaltools.arm-none.win32_1.16.0.201807130628/tools/compiler/bin/../lib/gcc/arm-none-eabi/7.2.1/../../../../arm-none-eabi/lib/thumb/v7e-m/fpv4-sp/hard\libc_nano.a(lib_a-strtol.o)
                0x080056b4                strtol
 .text.quorem   0x080056e0      0x118 c:/ac6/systemworkbench/plugins/fr.ac6.mcu.externaltools.arm-none.win32_1.16.0.201807130628/tools/compiler/bin/../lib/gcc/arm-none-eabi/7.2.1/../../../../arm-none-eabi/lib/thumb/v7e-m/fpv4-sp/hard\libc_nano.a(lib_a-dtoa.o)
 .text._dtoa_r  0x080057f8      0xb70 c:/ac6/systemworkbench/plugins/fr.ac6.mcu.externaltools.arm-none.win32_1.16.0.201807130628/tools/compiler/bin/../lib/gcc/arm-none-eabi/7.2.1/../../../../arm-none-eabi/lib/thumb/v7e-m/fpv4-sp/hard\libc_nano.a(lib_a-dtoa.o)
                0x080057f8                _dtoa_r
 .text.__locale_ctype_ptr_l
                0x08006368        0x6 c:/ac6/systemworkbench/plugins/fr.ac6.mcu.externaltools.arm-none.win32_1.16.0.201807130628/tools/compiler/bin/../lib/gcc/arm-none-eabi/7.2.1/../../../../arm-none-eabi/lib/thumb/v7e-m/fpv4-sp/hard\libc_nano.a(lib_a-locale.o)
                0x08006368                __locale_ctype_ptr_l
 *fill*         0x0800636e        0x2 
 .text._localeconv_r
                0x08006370       0x1c c:/ac6/systemworkbench/plugins/fr.ac6.mcu.externaltools.arm-none.win32_1.16.0.201807130628/tools/compiler/bin/../lib/gcc/arm-none-eabi/7.2.1/../../../../arm-none-eabi/lib/thumb/v7e-m/fpv4-sp/hard\libc_nano.a(lib_a-localeconv.o)
                0x08006370                _localeconv_r
 .text.__ascii_mbtowc
                0x0800638c       0x24 c:/ac6/systemworkbench/plugins/fr.ac6.mcu.externaltools.arm-none.win32_1.16.0.201807130628/tools/compiler/bin/../lib/gcc/arm-none-eabi/7.2.1/../../../../arm-none-eabi/lib/thumb/v7e-m/fpv4-sp/hard\libc_nano.a(lib_a-mbtowc_r.o)
                0x0800638c                __ascii_mbtowc
 .text.memcpy   0x080063b0       0x16 c:/ac6/systemworkbench/plugins/fr.ac6.mcu.externaltools.arm-none.win32_1.16.0.201807130628/tools/compiler/bin/../lib/gcc/arm-none-eabi/7.2.1/../../../../arm-none-eabi/lib/thumb/v7e-m/fpv4-sp/hard\libc_nano.a(lib_a-memcpy-stub.o)
                0x080063b0                memcpy
 .text.__malloc_lock
                0x080063c6        0x2 c:/ac6/systemworkbench/plugins/fr.ac6.mcu.externaltools.arm-none.win32_1.16.0.201807130628/tools/compiler/bin/../lib/gcc/arm-none-eabi/7.2.1/../../../../arm-none-eabi/lib/thumb/v7e-m/fpv4-sp/hard\libc_nano.a(lib_a-mlock.o)
                0x080063c6                __malloc_lock
 .text.__malloc_unlock
                0x080063c8        0x2 c:/ac6/systemworkbench/plugins/fr.ac6.mcu.externaltools.arm-none.win32_1.16.0.201807130628/tools/compiler/bin/../lib/gcc/arm-none-eabi/7.2.1/../../../../arm-none-eabi/lib/thumb/v7e-m/fpv4-sp/hard\libc_nano.a(lib_a-mlock.o)
                0x080063c8                __malloc_unlock
 .text._Balloc  0x080063ca       0x68 c:/ac6/systemworkbench/plugins/fr.ac6.mcu.externaltools.arm-none.win32_1.16.0.201807130628/tools/compiler/bin/../lib/gcc/arm-none-eabi/7.2.1/../../../../arm-none-eabi/lib/thumb/v7e-m/fpv4-sp/hard\libc_nano.a(lib_a-mprec.o)
                0x080063ca                _Balloc
 .text._Bfree   0x08006432       0x2e c:/ac6/systemworkbench/plugins/fr.ac6.mcu.externaltools.arm-none.win32_1.16.0.201807130628/tools/compiler/bin/../lib/gcc/arm-none-eabi/7.2.1/../../../../arm-none-eabi/lib/thumb/v7e-m/fpv4-sp/hard\libc_nano.a(lib_a-mprec.o)
                0x08006432                _Bfree
 .text.__multadd
                0x08006460       0x76 c:/ac6/systemworkbench/plugins/fr.ac6.mcu.externaltools.arm-none.win32_1.16.0.201807130628/tools/compiler/bin/../lib/gcc/arm-none-eabi/7.2.1/../../../../arm-none-eabi/lib/thumb/v7e-m/fpv4-sp/hard\libc_nano.a(lib_a-mprec.o)
                0x08006460                __multadd
 .text.__hi0bits
                0x080064d6       0x3e c:/ac6/systemworkbench/plugins/fr.ac6.mcu.externaltools.arm-none.win32_1.16.0.201807130628/tools/compiler/bin/../lib/gcc/arm-none-eabi/7.2.1/../../../../arm-none-eabi/lib/thumb/v7e-m/fpv4-sp/hard\libc_nano.a(lib_a-mprec.o)
                0x080064d6                __hi0bits
 .text.__lo0bits
                0x08006514       0x5e c:/ac6/systemworkbench/plugins/fr.ac6.mcu.externaltools.arm-none.win32_1.16.0.201807130628/tools/compiler/bin/../lib/gcc/arm-none-eabi/7.2.1/../../../../arm-none-eabi/lib/thumb/v7e-m/fpv4-sp/hard\libc_nano.a(lib_a-mprec.o)
                0x08006514                __lo0bits
 .text.__i2b    0x08006572       0x12 c:/ac6/systemworkbench/plugins/fr.ac6.mcu.externaltools.arm-none.win32_1.16.0.201807130628/tools/compiler/bin/../lib/gcc/arm-none-eabi/7.2.1/../../../../arm-none-eabi/lib/thumb/v7e-m/fpv4-sp/hard\libc_nano.a(lib_a-mprec.o)
                0x08006572                __i2b
 .text.__multiply
                0x08006584      0x12c c:/ac6/systemworkbench/plugins/fr.ac6.mcu.externaltools.arm-none.win32_1.16.0.201807130628/tools/compiler/bin/../lib/gcc/arm-none-eabi/7.2.1/../../../../arm-none-eabi/lib/thumb/v7e-m/fpv4-sp/hard\libc_nano.a(lib_a-mprec.o)
                0x08006584                __multiply
 .text.__pow5mult
                0x080066b0       0x9c c:/ac6/systemworkbench/plugins/fr.ac6.mcu.externaltools.arm-none.win32_1.16.0.201807130628/tools/compiler/bin/../lib/gcc/arm-none-eabi/7.2.1/../../../../arm-none-eabi/lib/thumb/v7e-m/fpv4-sp/hard\libc_nano.a(lib_a-mprec.o)
                0x080066b0                __pow5mult
 .text.__lshift
                0x0800674c       0xa8 c:/ac6/systemworkbench/plugins/fr.ac6.mcu.externaltools.arm-none.win32_1.16.0.201807130628/tools/compiler/bin/../lib/gcc/arm-none-eabi/7.2.1/../../../../arm-none-eabi/lib/thumb/v7e-m/fpv4-sp/hard\libc_nano.a(lib_a-mprec.o)
                0x0800674c                __lshift
 .text.__mcmp   0x080067f4       0x34 c:/ac6/systemworkbench/plugins/fr.ac6.mcu.externaltools.arm-none.win32_1.16.0.201807130628/tools/compiler/bin/../lib/gcc/arm-none-eabi/7.2.1/../../../../arm-none-eabi/lib/thumb/v7e-m/fpv4-sp/hard\libc_nano.a(lib_a-mprec.o)
                0x080067f4                __mcmp
 .text.__mdiff  0x08006828       0xba c:/ac6/systemworkbench/plugins/fr.ac6.mcu.externaltools.arm-none.win32_1.16.0.201807130628/tools/compiler/bin/../lib/gcc/arm-none-eabi/7.2.1/../../../../arm-none-eabi/lib/thumb/v7e-m/fpv4-sp/hard\libc_nano.a(lib_a-mprec.o)
                0x08006828                __mdiff
 .text.__d2b    0x080068e2       0x9e c:/ac6/systemworkbench/plugins/fr.ac6.mcu.externaltools.arm-none.win32_1.16.0.201807130628/tools/compiler/bin/../lib/gcc/arm-none-eabi/7.2.1/../../../../arm-none-eabi/lib/thumb/v7e-m/fpv4-sp/hard\libc_nano.a(lib_a-mprec.o)
                0x080068e2                __d2b
 .text._calloc_r
                0x08006980       0x1c c:/ac6/systemworkbench/plugins/fr.ac6.mcu.externaltools.arm-none.win32_1.16.0.201807130628/tools/compiler/bin/../lib/gcc/arm-none-eabi/7.2.1/../../../../arm-none-eabi/lib/thumb/v7e-m/fpv4-sp/hard\libc_nano.a(lib_a-nano-callocr.o)
                0x08006980                _calloc_r
 .text.__ssputs_r
                0x0800699c       0xb4 c:/ac6/systemworkbench/plugins/fr.ac6.mcu.externaltools.arm-none.win32_1.16.0.201807130628/tools/compiler/bin/../lib/gcc/arm-none-eabi/7.2.1/../../../../arm-none-eabi/lib/thumb/v7e-m/fpv4-sp/hard\libc_nano.a(lib_a-nano-svfprintf.o)
                0x0800699c                __ssputs_r
 .text._svfprintf_r
                0x08006a50      0x1ec c:/ac6/systemworkbench/plugins/fr.ac6.mcu.externaltools.arm-none.win32_1.16.0.201807130628/tools/compiler/bin/../lib/gcc/arm-none-eabi/7.2.1/../../../../arm-none-eabi/lib/thumb/v7e-m/fpv4-sp/hard\libc_nano.a(lib_a-nano-svfprintf.o)
                0x08006a50                _svfiprintf_r
                0x08006a50                _svfprintf_r
 .text.__ascii_wctomb
                0x08006c3c       0x1a c:/ac6/systemworkbench/plugins/fr.ac6.mcu.externaltools.arm-none.win32_1.16.0.201807130628/tools/compiler/bin/../lib/gcc/arm-none-eabi/7.2.1/../../../../arm-none-eabi/lib/thumb/v7e-m/fpv4-sp/hard\libc_nano.a(lib_a-wctomb_r.o)
                0x08006c3c                __ascii_wctomb
 .text.memmove  0x08006c56       0x32 c:/ac6/systemworkbench/plugins/fr.ac6.mcu.externaltools.arm-none.win32_1.16.0.201807130628/tools/compiler/bin/../lib/gcc/arm-none-eabi/7.2.1/../../../../arm-none-eabi/lib/thumb/v7e-m/fpv4-sp/hard\libc_nano.a(lib_a-memmove.o)
                0x08006c56                memmove
 .text._realloc_r
                0x08006c88       0x4c c:/ac6/systemworkbench/plugins/fr.ac6.mcu.externaltools.arm-none.win32_1.16.0.201807130628/tools/compiler/bin/../lib/gcc/arm-none-eabi/7.2.1/../../../../arm-none-eabi/lib/thumb/v7e-m/fpv4-sp/hard\libc_nano.a(lib_a-nano-reallocr.o)
                0x08006c88                _realloc_r
 .text._malloc_usable_size_r
                0x08006cd4       0x10 c:/ac6/systemworkbench/plugins/fr.ac6.mcu.externaltools.arm-none.win32_1.16.0.201807130628/tools/compiler/bin/../lib/gcc/arm-none-eabi/7.2.1/../../../../arm-none-eabi/lib/thumb/v7e-m/fpv4-sp/hard\libc_nano.a(lib_a-nano-msizer.o)
                0x08006cd4                _malloc_usable_size_r
 .text._sbrk    0x08006ce4       0x1c c:/ac6/systemworkbench/plugins/fr.ac6.mcu.externaltools.arm-none.win32_1.16.0.201807130628/tools/compiler/bin/../lib/gcc/arm-none-eabi/7.2.1/../../../../arm-none-eabi/lib/thumb/v7e-m/fpv4-sp/hard\libnosys.a(sbrk.o)
                0x08006ce4                _sbrk
 *(.glue_7)
 .glue_7        0x08006d00        0x0 linker stubs
 *(.glue_7t)
 .glue_7t       0x08006d00        0x0 linker stubs
 *(.eh_frame)
 .eh_frame      0x08006d00        0x0 c:/ac6/systemworkbench/plugins/fr.ac6.mcu.externaltools.arm-none.win32_1.16.0.201807130628/tools/compiler/bin/../lib/gcc/arm-none-eabi/7.2.1/thumb/v7e-m/fpv4-sp/hard/crtbegin.o
 *(.init)
 .init          0x08006d00        0x4 c:/ac6/systemworkbench/plugins/fr.ac6.mcu.externaltools.arm-none.win32_1.16.0.201807130628/tools/compiler/bin/../lib/gcc/arm-none-eabi/7.2.1/thumb/v7e-m/fpv4-sp/hard/crti.o
                0x08006d00                _init
 .init          0x08006d04        0x8 c:/ac6/systemworkbench/plugins/fr.ac6.mcu.externaltools.arm-none.win32_1.16.0.201807130628/tools/compiler/bin/../lib/gcc/arm-none-eabi/7.2.1/thumb/v7e-m/fpv4-sp/hard/crtn.o
 *(.fini)
 .fini          0x08006d0c        0x4 c:/ac6/systemworkbench/plugins/fr.ac6.mcu.externaltools.arm-none.win32_1.16.0.201807130628/tools/compiler/bin/../lib/gcc/arm-none-eabi/7.2.1/thumb/v7e-m/fpv4-sp/hard/crti.o
                0x08006d0c                _fini
 .fini          0x08006d10        0x8 c:/ac6/systemworkbench/plugins/fr.ac6.mcu.externaltools.arm-none.win32_1.16.0.201807130628/tools/compiler/bin/../lib/gcc/arm-none-eabi/7.2.1/thumb/v7e-m/fpv4-sp/hard/crtn.o
                0x08006d18                . = ALIGN (0x4)
                0x08006d18                _etext = .

.vfp11_veneer   0x08006d18        0x0
 .vfp11_veneer  0x08006d18        0x0 linker stubs

.v4_bx          0x08006d18        0x0
 .v4_bx         0x08006d18        0x0 linker stubs

.iplt           0x08006d18        0x0
 .iplt          0x08006d18        0x0 c:/ac6/systemworkbench/plugins/fr.ac6.mcu.externaltools.arm-none.win32_1.16.0.201807130628/tools/compiler/bin/../lib/gcc/arm-none-eabi/7.2.1/thumb/v7e-m/fpv4-sp/hard/crtbegin.o

.rodata         0x08006d18      0x3b0
                0x08006d18                . = ALIGN (0x4)
 *(.rodata)
 .rodata        0x08006d18       0x40 Application/User/main.o
 .rodata        0x08006d58       0x18 Drivers/CMSIS/system_stm32f4xx.o
                0x08006d58                AHBPrescTable
                0x08006d68                APBPrescTable
 *(.rodata*)
 .rodata.str1.4
                0x08006d70       0x5d Application/User/main.o
 *fill*         0x08006dcd        0x3 
 .rodata.str1.4
                0x08006dd0       0x40 Application/User/usbd_conf.o
 .rodata.str1.4
                0x08006e10       0x5c Application/User/usbd_desc.o
                                 0x5a (size before relaxing)
 .rodata._printf_float.str1.1
                0x08006e6c       0x12 c:/ac6/systemworkbench/plugins/fr.ac6.mcu.externaltools.arm-none.win32_1.16.0.201807130628/tools/compiler/bin/../lib/gcc/arm-none-eabi/7.2.1/../../../../arm-none-eabi/lib/thumb/v7e-m/fpv4-sp/hard\libc_nano.a(lib_a-nano-vfprintf_float.o)
 .rodata._printf_i.str1.1
                0x08006e7e       0x22 c:/ac6/systemworkbench/plugins/fr.ac6.mcu.externaltools.arm-none.win32_1.16.0.201807130628/tools/compiler/bin/../lib/gcc/arm-none-eabi/7.2.1/../../../../arm-none-eabi/lib/thumb/v7e-m/fpv4-sp/hard\libc_nano.a(lib_a-nano-vfprintf_i.o)
 .rodata._dtoa_r.str1.1
                0x08006ea0        0xd c:/ac6/systemworkbench/plugins/fr.ac6.mcu.externaltools.arm-none.win32_1.16.0.201807130628/tools/compiler/bin/../lib/gcc/arm-none-eabi/7.2.1/../../../../arm-none-eabi/lib/thumb/v7e-m/fpv4-sp/hard\libc_nano.a(lib_a-dtoa.o)
                                  0xf (size before relaxing)
 .rodata._setlocale_r.str1.1
                0x08006ead        0x8 c:/ac6/systemworkbench/plugins/fr.ac6.mcu.externaltools.arm-none.win32_1.16.0.201807130628/tools/compiler/bin/../lib/gcc/arm-none-eabi/7.2.1/../../../../arm-none-eabi/lib/thumb/v7e-m/fpv4-sp/hard\libc_nano.a(lib_a-locale.o)
                                  0x9 (size before relaxing)
 .rodata.str1.1
                0x08006eb5        0x2 c:/ac6/systemworkbench/plugins/fr.ac6.mcu.externaltools.arm-none.win32_1.16.0.201807130628/tools/compiler/bin/../lib/gcc/arm-none-eabi/7.2.1/../../../../arm-none-eabi/lib/thumb/v7e-m/fpv4-sp/hard\libc_nano.a(lib_a-locale.o)
 *fill*         0x08006eb7        0x1 
 .rodata.__mprec_bigtens
                0x08006eb8       0x28 c:/ac6/systemworkbench/plugins/fr.ac6.mcu.externaltools.arm-none.win32_1.16.0.201807130628/tools/compiler/bin/../lib/gcc/arm-none-eabi/7.2.1/../../../../arm-none-eabi/lib/thumb/v7e-m/fpv4-sp/hard\libc_nano.a(lib_a-mprec.o)
                0x08006eb8                __mprec_bigtens
 .rodata.__mprec_tens
                0x08006ee0       0xc8 c:/ac6/systemworkbench/plugins/fr.ac6.mcu.externaltools.arm-none.win32_1.16.0.201807130628/tools/compiler/bin/../lib/gcc/arm-none-eabi/7.2.1/../../../../arm-none-eabi/lib/thumb/v7e-m/fpv4-sp/hard\libc_nano.a(lib_a-mprec.o)
                0x08006ee0                __mprec_tens
 .rodata.p05.7359
                0x08006fa8        0xc c:/ac6/systemworkbench/plugins/fr.ac6.mcu.externaltools.arm-none.win32_1.16.0.201807130628/tools/compiler/bin/../lib/gcc/arm-none-eabi/7.2.1/../../../../arm-none-eabi/lib/thumb/v7e-m/fpv4-sp/hard\libc_nano.a(lib_a-mprec.o)
 .rodata._svfprintf_r.str1.1
                0x08006fb4       0x11 c:/ac6/systemworkbench/plugins/fr.ac6.mcu.externaltools.arm-none.win32_1.16.0.201807130628/tools/compiler/bin/../lib/gcc/arm-none-eabi/7.2.1/../../../../arm-none-eabi/lib/thumb/v7e-m/fpv4-sp/hard\libc_nano.a(lib_a-nano-svfprintf.o)
 .rodata._ctype_
                0x08006fc5      0x101 c:/ac6/systemworkbench/plugins/fr.ac6.mcu.externaltools.arm-none.win32_1.16.0.201807130628/tools/compiler/bin/../lib/gcc/arm-none-eabi/7.2.1/../../../../arm-none-eabi/lib/thumb/v7e-m/fpv4-sp/hard\libc_nano.a(lib_a-ctype_.o)
                0x08006fc5                _ctype_
                0x080070c8                . = ALIGN (0x4)
 *fill*         0x080070c6        0x2 

.ARM.extab
 *(.ARM.extab* .gnu.linkonce.armextab.*)

.ARM            0x080070c8        0x8
                0x080070c8                __exidx_start = .
 *(.ARM.exidx*)
 .ARM.exidx     0x080070c8        0x8 c:/ac6/systemworkbench/plugins/fr.ac6.mcu.externaltools.arm-none.win32_1.16.0.201807130628/tools/compiler/bin/../lib/gcc/arm-none-eabi/7.2.1/thumb/v7e-m/fpv4-sp/hard\libgcc.a(_udivmoddi4.o)
                0x080070d0                __exidx_end = .

.rel.dyn        0x080070d0        0x0
 .rel.iplt      0x080070d0        0x0 c:/ac6/systemworkbench/plugins/fr.ac6.mcu.externaltools.arm-none.win32_1.16.0.201807130628/tools/compiler/bin/../lib/gcc/arm-none-eabi/7.2.1/thumb/v7e-m/fpv4-sp/hard/crtbegin.o

.preinit_array  0x080070d0        0x0
                0x080070d0                PROVIDE (__preinit_array_start, .)
 *(.preinit_array*)
                0x080070d0                PROVIDE (__preinit_array_end, .)

.init_array     0x080070d0        0x4
                0x080070d0                PROVIDE (__init_array_start, .)
 *(SORT_BY_NAME(.init_array.*))
 *(.init_array*)
 .init_array    0x080070d0        0x4 c:/ac6/systemworkbench/plugins/fr.ac6.mcu.externaltools.arm-none.win32_1.16.0.201807130628/tools/compiler/bin/../lib/gcc/arm-none-eabi/7.2.1/thumb/v7e-m/fpv4-sp/hard/crtbegin.o
                0x080070d4                PROVIDE (__init_array_end, .)

.fini_array     0x080070d4        0x4
                [!provide]                PROVIDE (__fini_array_start, .)
 *(SORT_BY_NAME(.fini_array.*))
 *(.fini_array*)
 .fini_array    0x080070d4        0x4 c:/ac6/systemworkbench/plugins/fr.ac6.mcu.externaltools.arm-none.win32_1.16.0.201807130628/tools/compiler/bin/../lib/gcc/arm-none-eabi/7.2.1/thumb/v7e-m/fpv4-sp/hard/crtbegin.o
                [!provide]                PROVIDE (__fini_array_end, .)
                0x080070d8                _sidata = LOADADDR (.data)

.data           0x20000000      0x32c load address 0x080070d8
                0x20000000                . = ALIGN (0x4)
                0x20000000                _sdata = .
 *(.data)
 .data          0x20000000        0x4 Application/User/main.o
                0x20000000                kp
 .data          0x20000004       0x10 Application/User/usbd_cdc_if.o
                0x20000004                USBD_Interface_fops_HS
 .data          0x20000014       0x34 Application/User/usbd_desc.o
                0x20000014                USBD_HS_DeviceDesc
                0x20000028                USBD_LangIDDesc
                0x2000002c                HS_Desc
 .data          0x20000048        0x4 Drivers/CMSIS/system_stm32f4xx.o
                0x20000048                SystemCoreClock
 .data          0x2000004c      0x110 Middlewares/USB_Device_Library/usbd_cdc.o
                0x2000004c                USBD_CDC_CfgFSDesc
                0x20000090                USBD_CDC_CfgHSDesc
                0x200000d4                USBD_CDC_OtherSpeedCfgDesc
                0x20000124                USBD_CDC
 *(.data*)
 .data._impure_ptr
                0x2000015c        0x4 c:/ac6/systemworkbench/plugins/fr.ac6.mcu.externaltools.arm-none.win32_1.16.0.201807130628/tools/compiler/bin/../lib/gcc/arm-none-eabi/7.2.1/../../../../arm-none-eabi/lib/thumb/v7e-m/fpv4-sp/hard\libc_nano.a(lib_a-impure.o)
                0x2000015c                _impure_ptr
 .data.impure_data
                0x20000160       0x60 c:/ac6/systemworkbench/plugins/fr.ac6.mcu.externaltools.arm-none.win32_1.16.0.201807130628/tools/compiler/bin/../lib/gcc/arm-none-eabi/7.2.1/../../../../arm-none-eabi/lib/thumb/v7e-m/fpv4-sp/hard\libc_nano.a(lib_a-impure.o)
 .data.__global_locale
                0x200001c0      0x16c c:/ac6/systemworkbench/plugins/fr.ac6.mcu.externaltools.arm-none.win32_1.16.0.201807130628/tools/compiler/bin/../lib/gcc/arm-none-eabi/7.2.1/../../../../arm-none-eabi/lib/thumb/v7e-m/fpv4-sp/hard\libc_nano.a(lib_a-locale.o)
                0x200001c0                __global_locale
                0x2000032c                . = ALIGN (0x4)
                0x2000032c                _edata = .
                0x08007404                _siccmram = LOADADDR (.ccmram)

.igot.plt       0x2000032c        0x0 load address 0x08007404
 .igot.plt      0x2000032c        0x0 c:/ac6/systemworkbench/plugins/fr.ac6.mcu.externaltools.arm-none.win32_1.16.0.201807130628/tools/compiler/bin/../lib/gcc/arm-none-eabi/7.2.1/thumb/v7e-m/fpv4-sp/hard/crtbegin.o

.ccmram         0x10000000        0x0 load address 0x08007404
                0x10000000                . = ALIGN (0x4)
                0x10000000                _sccmram = .
 *(.ccmram)
 *(.ccmram*)
                0x10000000                . = ALIGN (0x4)
                0x10000000                _eccmram = .
                0x10000000                . = ALIGN (0x4)

.bss            0x2000032c     0x18bc
                0x2000032c                _sbss = .
                0x2000032c                __bss_start__ = _sbss
 *(.bss)
 .bss           0x2000032c       0x1c c:/ac6/systemworkbench/plugins/fr.ac6.mcu.externaltools.arm-none.win32_1.16.0.201807130628/tools/compiler/bin/../lib/gcc/arm-none-eabi/7.2.1/thumb/v7e-m/fpv4-sp/hard/crtbegin.o
 .bss           0x20000348       0x30 Application/User/main.o
                0x20000348                set_loc
                0x2000034c                location
                0x20000350                ki
                0x20000354                cumulativeError
                0x20000358                previous_error
                0x2000035c                kd
                0x20000360                speed
                0x20000364                start
                0x20000365                new_rx
                0x20000368                enc_old
                0x2000036c                last_time
                0x20000370                packet_len
                0x20000374                payload_len
 .bss           0x20000378        0x1 Middlewares/USB_Device_Library/usbd_cdc.o
 .bss           0x20000379        0x1 Middlewares/USB_Device_Library/usbd_ctlreq.o
 *(.bss*)
 *fill*         0x2000037a        0x2 
 .bss.__malloc_free_list
                0x2000037c        0x4 c:/ac6/systemworkbench/plugins/fr.ac6.mcu.externaltools.arm-none.win32_1.16.0.201807130628/tools/compiler/bin/../lib/gcc/arm-none-eabi/7.2.1/../../../../arm-none-eabi/lib/thumb/v7e-m/fpv4-sp/hard\libc_nano.a(lib_a-nano-mallocr.o)
                0x2000037c                __malloc_free_list
 .bss.__malloc_sbrk_start
                0x20000380        0x4 c:/ac6/systemworkbench/plugins/fr.ac6.mcu.externaltools.arm-none.win32_1.16.0.201807130628/tools/compiler/bin/../lib/gcc/arm-none-eabi/7.2.1/../../../../arm-none-eabi/lib/thumb/v7e-m/fpv4-sp/hard\libc_nano.a(lib_a-nano-mallocr.o)
                0x20000380                __malloc_sbrk_start
 .bss.heap_end.5377
                0x20000384        0x4 c:/ac6/systemworkbench/plugins/fr.ac6.mcu.externaltools.arm-none.win32_1.16.0.201807130628/tools/compiler/bin/../lib/gcc/arm-none-eabi/7.2.1/../../../../arm-none-eabi/lib/thumb/v7e-m/fpv4-sp/hard\libnosys.a(sbrk.o)
 *(COMMON)
 COMMON         0x20000388     0x103c Application/User/main.o
                0x20000388                UserRxBufferHS
                0x20000b88                htim4
                0x20000bc4                UserTxBufferHS
 COMMON         0x200013c4      0x224 Application/User/usb_device.o
                0x200013c4                hUsbDeviceHS
 COMMON         0x200015e8        0x7 Application/User/usbd_cdc_if.o
                0x200015e8                buffer
 *fill*         0x200015ef        0x1 
 COMMON         0x200015f0      0x3f0 Application/User/usbd_conf.o
                0x200015f0                hpcd_USB_OTG_HS
 COMMON         0x200019e0      0x200 Application/User/usbd_desc.o
                0x200019e0                USBD_StrDesc
 COMMON         0x20001be0        0x4 Drivers/STM32F4xx_HAL_Driver/stm32f4xx_hal.o
                0x20001be0                uwTick
 COMMON         0x20001be4        0x4 c:/ac6/systemworkbench/plugins/fr.ac6.mcu.externaltools.arm-none.win32_1.16.0.201807130628/tools/compiler/bin/../lib/gcc/arm-none-eabi/7.2.1/../../../../arm-none-eabi/lib/thumb/v7e-m/fpv4-sp/hard\libc_nano.a(lib_a-reent.o)
                0x20001be4                errno
                0x20001be8                . = ALIGN (0x4)
                0x20001be8                _ebss = .
                0x20001be8                __bss_end__ = _ebss

._user_heap_stack
                0x20001be8     0x1600
                0x20001be8                . = ALIGN (0x8)
                0x20001be8                PROVIDE (end, .)
                [!provide]                PROVIDE (_end, .)
                0x20002de8                . = (. + _Min_Heap_Size)
 *fill*         0x20001be8     0x1200 
                0x200031e8                . = (. + _Min_Stack_Size)
 *fill*         0x20002de8      0x400 
                0x200031e8                . = ALIGN (0x8)

/DISCARD/
 libc.a(*)
 libm.a(*)
 libgcc.a(*)

.ARM.attributes
                0x00000000       0x30
 *(.ARM.attributes)
 .ARM.attributes
                0x00000000       0x22 c:/ac6/systemworkbench/plugins/fr.ac6.mcu.externaltools.arm-none.win32_1.16.0.201807130628/tools/compiler/bin/../lib/gcc/arm-none-eabi/7.2.1/thumb/v7e-m/fpv4-sp/hard/crti.o
 .ARM.attributes
                0x00000022       0x34 c:/ac6/systemworkbench/plugins/fr.ac6.mcu.externaltools.arm-none.win32_1.16.0.201807130628/tools/compiler/bin/../lib/gcc/arm-none-eabi/7.2.1/thumb/v7e-m/fpv4-sp/hard/crtbegin.o
 .ARM.attributes
                0x00000056       0x21 Application/SW4STM32/startup_stm32f429xx.o
 .ARM.attributes
                0x00000077       0x39 Application/User/main.o
 .ARM.attributes
                0x000000b0       0x39 Application/User/stm32f4xx_hal_msp.o
 .ARM.attributes
                0x000000e9       0x39 Application/User/stm32f4xx_it.o
 .ARM.attributes
                0x00000122       0x39 Application/User/usb_device.o
 .ARM.attributes
                0x0000015b       0x39 Application/User/usbd_cdc_if.o
 .ARM.attributes
                0x00000194       0x39 Application/User/usbd_conf.o
 .ARM.attributes
                0x000001cd       0x39 Application/User/usbd_desc.o
 .ARM.attributes
                0x00000206       0x39 Drivers/CMSIS/system_stm32f4xx.o
 .ARM.attributes
                0x0000023f       0x39 Drivers/STM32F4xx_HAL_Driver/stm32f4xx_hal.o
 .ARM.attributes
                0x00000278       0x39 Drivers/STM32F4xx_HAL_Driver/stm32f4xx_hal_cortex.o
 .ARM.attributes
                0x000002b1       0x39 Drivers/STM32F4xx_HAL_Driver/stm32f4xx_hal_gpio.o
 .ARM.attributes
                0x000002ea       0x39 Drivers/STM32F4xx_HAL_Driver/stm32f4xx_hal_pcd.o
 .ARM.attributes
                0x00000323       0x39 Drivers/STM32F4xx_HAL_Driver/stm32f4xx_hal_pcd_ex.o
 .ARM.attributes
                0x0000035c       0x39 Drivers/STM32F4xx_HAL_Driver/stm32f4xx_hal_rcc.o
 .ARM.attributes
                0x00000395       0x39 Drivers/STM32F4xx_HAL_Driver/stm32f4xx_hal_tim.o
 .ARM.attributes
                0x000003ce       0x39 Drivers/STM32F4xx_HAL_Driver/stm32f4xx_hal_tim_ex.o
 .ARM.attributes
                0x00000407       0x39 Drivers/STM32F4xx_HAL_Driver/stm32f4xx_ll_usb.o
 .ARM.attributes
                0x00000440       0x39 Middlewares/USB_Device_Library/usbd_cdc.o
 .ARM.attributes
                0x00000479       0x39 Middlewares/USB_Device_Library/usbd_core.o
 .ARM.attributes
                0x000004b2       0x39 Middlewares/USB_Device_Library/usbd_ctlreq.o
 .ARM.attributes
                0x000004eb       0x39 Middlewares/USB_Device_Library/usbd_ioreq.o
 .ARM.attributes
                0x00000524       0x22 c:/ac6/systemworkbench/plugins/fr.ac6.mcu.externaltools.arm-none.win32_1.16.0.201807130628/tools/compiler/bin/../lib/gcc/arm-none-eabi/7.2.1/thumb/v7e-m/fpv4-sp/hard\libgcc.a(_arm_addsubdf3.o)
 .ARM.attributes
                0x00000546       0x22 c:/ac6/systemworkbench/plugins/fr.ac6.mcu.externaltools.arm-none.win32_1.16.0.201807130628/tools/compiler/bin/../lib/gcc/arm-none-eabi/7.2.1/thumb/v7e-m/fpv4-sp/hard\libgcc.a(_arm_muldivdf3.o)
 .ARM.attributes
                0x00000568       0x22 c:/ac6/systemworkbench/plugins/fr.ac6.mcu.externaltools.arm-none.win32_1.16.0.201807130628/tools/compiler/bin/../lib/gcc/arm-none-eabi/7.2.1/thumb/v7e-m/fpv4-sp/hard\libgcc.a(_arm_truncdfsf2.o)
 .ARM.attributes
                0x0000058a       0x22 c:/ac6/systemworkbench/plugins/fr.ac6.mcu.externaltools.arm-none.win32_1.16.0.201807130628/tools/compiler/bin/../lib/gcc/arm-none-eabi/7.2.1/thumb/v7e-m/fpv4-sp/hard\libgcc.a(_aeabi_uldivmod.o)
 .ARM.attributes
                0x000005ac       0x34 c:/ac6/systemworkbench/plugins/fr.ac6.mcu.externaltools.arm-none.win32_1.16.0.201807130628/tools/compiler/bin/../lib/gcc/arm-none-eabi/7.2.1/thumb/v7e-m/fpv4-sp/hard\libgcc.a(_udivmoddi4.o)
 .ARM.attributes
                0x000005e0       0x22 c:/ac6/systemworkbench/plugins/fr.ac6.mcu.externaltools.arm-none.win32_1.16.0.201807130628/tools/compiler/bin/../lib/gcc/arm-none-eabi/7.2.1/thumb/v7e-m/fpv4-sp/hard\libgcc.a(_dvmd_tls.o)
 .ARM.attributes
                0x00000602       0x34 c:/ac6/systemworkbench/plugins/fr.ac6.mcu.externaltools.arm-none.win32_1.16.0.201807130628/tools/compiler/bin/../lib/gcc/arm-none-eabi/7.2.1/../../../../arm-none-eabi/lib/thumb/v7e-m/fpv4-sp/hard\libc_nano.a(lib_a-impure.o)
 .ARM.attributes
                0x00000636       0x34 c:/ac6/systemworkbench/plugins/fr.ac6.mcu.externaltools.arm-none.win32_1.16.0.201807130628/tools/compiler/bin/../lib/gcc/arm-none-eabi/7.2.1/../../../../arm-none-eabi/lib/thumb/v7e-m/fpv4-sp/hard\libc_nano.a(lib_a-init.o)
 .ARM.attributes
                0x0000066a       0x34 c:/ac6/systemworkbench/plugins/fr.ac6.mcu.externaltools.arm-none.win32_1.16.0.201807130628/tools/compiler/bin/../lib/gcc/arm-none-eabi/7.2.1/../../../../arm-none-eabi/lib/thumb/v7e-m/fpv4-sp/hard\libc_nano.a(lib_a-malloc.o)
 .ARM.attributes
                0x0000069e       0x34 c:/ac6/systemworkbench/plugins/fr.ac6.mcu.externaltools.arm-none.win32_1.16.0.201807130628/tools/compiler/bin/../lib/gcc/arm-none-eabi/7.2.1/../../../../arm-none-eabi/lib/thumb/v7e-m/fpv4-sp/hard\libc_nano.a(lib_a-memset.o)
 .ARM.attributes
                0x000006d2       0x34 c:/ac6/systemworkbench/plugins/fr.ac6.mcu.externaltools.arm-none.win32_1.16.0.201807130628/tools/compiler/bin/../lib/gcc/arm-none-eabi/7.2.1/../../../../arm-none-eabi/lib/thumb/v7e-m/fpv4-sp/hard\libc_nano.a(lib_a-nano-freer.o)
 .ARM.attributes
                0x00000706       0x34 c:/ac6/systemworkbench/plugins/fr.ac6.mcu.externaltools.arm-none.win32_1.16.0.201807130628/tools/compiler/bin/../lib/gcc/arm-none-eabi/7.2.1/../../../../arm-none-eabi/lib/thumb/v7e-m/fpv4-sp/hard\libc_nano.a(lib_a-nano-mallocr.o)
 .ARM.attributes
                0x0000073a       0x34 c:/ac6/systemworkbench/plugins/fr.ac6.mcu.externaltools.arm-none.win32_1.16.0.201807130628/tools/compiler/bin/../lib/gcc/arm-none-eabi/7.2.1/../../../../arm-none-eabi/lib/thumb/v7e-m/fpv4-sp/hard\libc_nano.a(lib_a-nano-vfprintf_float.o)
 .ARM.attributes
                0x0000076e       0x34 c:/ac6/systemworkbench/plugins/fr.ac6.mcu.externaltools.arm-none.win32_1.16.0.201807130628/tools/compiler/bin/../lib/gcc/arm-none-eabi/7.2.1/../../../../arm-none-eabi/lib/thumb/v7e-m/fpv4-sp/hard\libc_nano.a(lib_a-nano-vfprintf_i.o)
 .ARM.attributes
                0x000007a2       0x34 c:/ac6/systemworkbench/plugins/fr.ac6.mcu.externaltools.arm-none.win32_1.16.0.201807130628/tools/compiler/bin/../lib/gcc/arm-none-eabi/7.2.1/../../../../arm-none-eabi/lib/thumb/v7e-m/fpv4-sp/hard\libc_nano.a(lib_a-sbrkr.o)
 .ARM.attributes
                0x000007d6       0x34 c:/ac6/systemworkbench/plugins/fr.ac6.mcu.externaltools.arm-none.win32_1.16.0.201807130628/tools/compiler/bin/../lib/gcc/arm-none-eabi/7.2.1/../../../../arm-none-eabi/lib/thumb/v7e-m/fpv4-sp/hard\libc_nano.a(lib_a-snprintf.o)
 .ARM.attributes
                0x0000080a       0x1b c:/ac6/systemworkbench/plugins/fr.ac6.mcu.externaltools.arm-none.win32_1.16.0.201807130628/tools/compiler/bin/../lib/gcc/arm-none-eabi/7.2.1/../../../../arm-none-eabi/lib/thumb/v7e-m/fpv4-sp/hard\libc_nano.a(lib_a-strlen.o)
 .ARM.attributes
                0x00000825       0x34 c:/ac6/systemworkbench/plugins/fr.ac6.mcu.externaltools.arm-none.win32_1.16.0.201807130628/tools/compiler/bin/../lib/gcc/arm-none-eabi/7.2.1/../../../../arm-none-eabi/lib/thumb/v7e-m/fpv4-sp/hard\libc_nano.a(lib_a-strtol.o)
 .ARM.attributes
                0x00000859       0x34 c:/ac6/systemworkbench/plugins/fr.ac6.mcu.externaltools.arm-none.win32_1.16.0.201807130628/tools/compiler/bin/../lib/gcc/arm-none-eabi/7.2.1/../../../../arm-none-eabi/lib/thumb/v7e-m/fpv4-sp/hard\libc_nano.a(lib_a-dtoa.o)
 .ARM.attributes
                0x0000088d       0x34 c:/ac6/systemworkbench/plugins/fr.ac6.mcu.externaltools.arm-none.win32_1.16.0.201807130628/tools/compiler/bin/../lib/gcc/arm-none-eabi/7.2.1/../../../../arm-none-eabi/lib/thumb/v7e-m/fpv4-sp/hard\libc_nano.a(lib_a-locale.o)
 .ARM.attributes
                0x000008c1       0x34 c:/ac6/systemworkbench/plugins/fr.ac6.mcu.externaltools.arm-none.win32_1.16.0.201807130628/tools/compiler/bin/../lib/gcc/arm-none-eabi/7.2.1/../../../../arm-none-eabi/lib/thumb/v7e-m/fpv4-sp/hard\libc_nano.a(lib_a-localeconv.o)
 .ARM.attributes
                0x000008f5       0x34 c:/ac6/systemworkbench/plugins/fr.ac6.mcu.externaltools.arm-none.win32_1.16.0.201807130628/tools/compiler/bin/../lib/gcc/arm-none-eabi/7.2.1/../../../../arm-none-eabi/lib/thumb/v7e-m/fpv4-sp/hard\libc_nano.a(lib_a-mbtowc_r.o)
 .ARM.attributes
                0x00000929       0x20 c:/ac6/systemworkbench/plugins/fr.ac6.mcu.externaltools.arm-none.win32_1.16.0.201807130628/tools/compiler/bin/../lib/gcc/arm-none-eabi/7.2.1/../../../../arm-none-eabi/lib/thumb/v7e-m/fpv4-sp/hard\libc_nano.a(lib_a-memchr.o)
 .ARM.attributes
                0x00000949       0x34 c:/ac6/systemworkbench/plugins/fr.ac6.mcu.externaltools.arm-none.win32_1.16.0.201807130628/tools/compiler/bin/../lib/gcc/arm-none-eabi/7.2.1/../../../../arm-none-eabi/lib/thumb/v7e-m/fpv4-sp/hard\libc_nano.a(lib_a-memcpy-stub.o)
 .ARM.attributes
                0x0000097d       0x34 c:/ac6/systemworkbench/plugins/fr.ac6.mcu.externaltools.arm-none.win32_1.16.0.201807130628/tools/compiler/bin/../lib/gcc/arm-none-eabi/7.2.1/../../../../arm-none-eabi/lib/thumb/v7e-m/fpv4-sp/hard\libc_nano.a(lib_a-mlock.o)
 .ARM.attributes
                0x000009b1       0x34 c:/ac6/systemworkbench/plugins/fr.ac6.mcu.externaltools.arm-none.win32_1.16.0.201807130628/tools/compiler/bin/../lib/gcc/arm-none-eabi/7.2.1/../../../../arm-none-eabi/lib/thumb/v7e-m/fpv4-sp/hard\libc_nano.a(lib_a-mprec.o)
 .ARM.attributes
                0x000009e5       0x34 c:/ac6/systemworkbench/plugins/fr.ac6.mcu.externaltools.arm-none.win32_1.16.0.201807130628/tools/compiler/bin/../lib/gcc/arm-none-eabi/7.2.1/../../../../arm-none-eabi/lib/thumb/v7e-m/fpv4-sp/hard\libc_nano.a(lib_a-nano-callocr.o)
 .ARM.attributes
                0x00000a19       0x34 c:/ac6/systemworkbench/plugins/fr.ac6.mcu.externaltools.arm-none.win32_1.16.0.201807130628/tools/compiler/bin/../lib/gcc/arm-none-eabi/7.2.1/../../../../arm-none-eabi/lib/thumb/v7e-m/fpv4-sp/hard\libc_nano.a(lib_a-nano-svfprintf.o)
 .ARM.attributes
                0x00000a4d       0x34 c:/ac6/systemworkbench/plugins/fr.ac6.mcu.externaltools.arm-none.win32_1.16.0.201807130628/tools/compiler/bin/../lib/gcc/arm-none-eabi/7.2.1/../../../../arm-none-eabi/lib/thumb/v7e-m/fpv4-sp/hard\libc_nano.a(lib_a-reent.o)
 .ARM.attributes
                0x00000a81       0x34 c:/ac6/systemworkbench/plugins/fr.ac6.mcu.externaltools.arm-none.win32_1.16.0.201807130628/tools/compiler/bin/../lib/gcc/arm-none-eabi/7.2.1/../../../../arm-none-eabi/lib/thumb/v7e-m/fpv4-sp/hard\libc_nano.a(lib_a-wctomb_r.o)
 .ARM.attributes
                0x00000ab5       0x34 c:/ac6/systemworkbench/plugins/fr.ac6.mcu.externaltools.arm-none.win32_1.16.0.201807130628/tools/compiler/bin/../lib/gcc/arm-none-eabi/7.2.1/../../../../arm-none-eabi/lib/thumb/v7e-m/fpv4-sp/hard\libc_nano.a(lib_a-ctype_.o)
 .ARM.attributes
                0x00000ae9       0x34 c:/ac6/systemworkbench/plugins/fr.ac6.mcu.externaltools.arm-none.win32_1.16.0.201807130628/tools/compiler/bin/../lib/gcc/arm-none-eabi/7.2.1/../../../../arm-none-eabi/lib/thumb/v7e-m/fpv4-sp/hard\libc_nano.a(lib_a-memmove.o)
 .ARM.attributes
                0x00000b1d       0x34 c:/ac6/systemworkbench/plugins/fr.ac6.mcu.externaltools.arm-none.win32_1.16.0.201807130628/tools/compiler/bin/../lib/gcc/arm-none-eabi/7.2.1/../../../../arm-none-eabi/lib/thumb/v7e-m/fpv4-sp/hard\libc_nano.a(lib_a-nano-reallocr.o)
 .ARM.attributes
                0x00000b51       0x34 c:/ac6/systemworkbench/plugins/fr.ac6.mcu.externaltools.arm-none.win32_1.16.0.201807130628/tools/compiler/bin/../lib/gcc/arm-none-eabi/7.2.1/../../../../arm-none-eabi/lib/thumb/v7e-m/fpv4-sp/hard\libc_nano.a(lib_a-nano-msizer.o)
 .ARM.attributes
                0x00000b85       0x22 c:/ac6/systemworkbench/plugins/fr.ac6.mcu.externaltools.arm-none.win32_1.16.0.201807130628/tools/compiler/bin/../lib/gcc/arm-none-eabi/7.2.1/thumb/v7e-m/fpv4-sp/hard\libgcc.a(_arm_cmpdf2.o)
 .ARM.attributes
                0x00000ba7       0x22 c:/ac6/systemworkbench/plugins/fr.ac6.mcu.externaltools.arm-none.win32_1.16.0.201807130628/tools/compiler/bin/../lib/gcc/arm-none-eabi/7.2.1/thumb/v7e-m/fpv4-sp/hard\libgcc.a(_arm_unorddf2.o)
 .ARM.attributes
                0x00000bc9       0x22 c:/ac6/systemworkbench/plugins/fr.ac6.mcu.externaltools.arm-none.win32_1.16.0.201807130628/tools/compiler/bin/../lib/gcc/arm-none-eabi/7.2.1/thumb/v7e-m/fpv4-sp/hard\libgcc.a(_arm_fixdfsi.o)
 .ARM.attributes
                0x00000beb       0x34 c:/ac6/systemworkbench/plugins/fr.ac6.mcu.externaltools.arm-none.win32_1.16.0.201807130628/tools/compiler/bin/../lib/gcc/arm-none-eabi/7.2.1/../../../../arm-none-eabi/lib/thumb/v7e-m/fpv4-sp/hard\libnosys.a(sbrk.o)
 .ARM.attributes
                0x00000c1f       0x22 c:/ac6/systemworkbench/plugins/fr.ac6.mcu.externaltools.arm-none.win32_1.16.0.201807130628/tools/compiler/bin/../lib/gcc/arm-none-eabi/7.2.1/thumb/v7e-m/fpv4-sp/hard/crtn.o
OUTPUT(printer_motor.elf elf32-littlearm)

.debug_line     0x00000000     0xeeff
 .debug_line    0x00000000       0xad Application/SW4STM32/startup_stm32f429xx.o
 .debug_line    0x000000ad      0xb23 Application/User/main.o
 .debug_line    0x00000bd0      0x884 Application/User/stm32f4xx_hal_msp.o
 .debug_line    0x00001454      0x89c Application/User/stm32f4xx_it.o
 .debug_line    0x00001cf0      0x9da Application/User/usb_device.o
 .debug_line    0x000026ca      0xa22 Application/User/usbd_cdc_if.o
 .debug_line    0x000030ec      0xbbd Application/User/usbd_conf.o
 .debug_line    0x00003ca9      0x9be Application/User/usbd_desc.o
 .debug_line    0x00004667      0x869 Drivers/CMSIS/system_stm32f4xx.o
 .debug_line    0x00004ed0      0xa05 Drivers/STM32F4xx_HAL_Driver/stm32f4xx_hal.o
 .debug_line    0x000058d5      0xa7d Drivers/STM32F4xx_HAL_Driver/stm32f4xx_hal_cortex.o
 .debug_line    0x00006352      0x9db Drivers/STM32F4xx_HAL_Driver/stm32f4xx_hal_gpio.o
 .debug_line    0x00006d2d      0xd6a Drivers/STM32F4xx_HAL_Driver/stm32f4xx_hal_pcd.o
 .debug_line    0x00007a97      0x881 Drivers/STM32F4xx_HAL_Driver/stm32f4xx_hal_pcd_ex.o
 .debug_line    0x00008318      0xab0 Drivers/STM32F4xx_HAL_Driver/stm32f4xx_hal_rcc.o
 .debug_line    0x00008dc8     0x18b7 Drivers/STM32F4xx_HAL_Driver/stm32f4xx_hal_tim.o
 .debug_line    0x0000a67f      0xdfd Drivers/STM32F4xx_HAL_Driver/stm32f4xx_hal_tim_ex.o
 .debug_line    0x0000b47c      0xe92 Drivers/STM32F4xx_HAL_Driver/stm32f4xx_ll_usb.o
 .debug_line    0x0000c30e      0xb5a Middlewares/USB_Device_Library/usbd_cdc.o
 .debug_line    0x0000ce68      0xb52 Middlewares/USB_Device_Library/usbd_core.o
 .debug_line    0x0000d9ba      0xb70 Middlewares/USB_Device_Library/usbd_ctlreq.o
 .debug_line    0x0000e52a      0x9d5 Middlewares/USB_Device_Library/usbd_ioreq.o

.debug_info     0x00000000    0x1df1e
 .debug_info    0x00000000       0x22 Application/SW4STM32/startup_stm32f429xx.o
 .debug_info    0x00000022     0x2875 Application/User/main.o
 .debug_info    0x00002897     0x14e7 Application/User/stm32f4xx_hal_msp.o
 .debug_info    0x00003d7e      0xdf7 Application/User/stm32f4xx_it.o
 .debug_info    0x00004b75      0xe8b Application/User/usb_device.o
 .debug_info    0x00005a00     0x10c4 Application/User/usbd_cdc_if.o
 .debug_info    0x00006ac4     0x22fa Application/User/usbd_conf.o
 .debug_info    0x00008dbe      0xd5c Application/User/usbd_desc.o
 .debug_info    0x00009b1a      0xd43 Drivers/CMSIS/system_stm32f4xx.o
 .debug_info    0x0000a85d     0x1188 Drivers/STM32F4xx_HAL_Driver/stm32f4xx_hal.o
 .debug_info    0x0000b9e5     0x178b Drivers/STM32F4xx_HAL_Driver/stm32f4xx_hal_cortex.o
 .debug_info    0x0000d170      0xfad Drivers/STM32F4xx_HAL_Driver/stm32f4xx_hal_gpio.o
 .debug_info    0x0000e11d     0x1ca4 Drivers/STM32F4xx_HAL_Driver/stm32f4xx_hal_pcd.o
 .debug_info    0x0000fdc1      0xdd5 Drivers/STM32F4xx_HAL_Driver/stm32f4xx_hal_pcd_ex.o
 .debug_info    0x00010b96     0x1250 Drivers/STM32F4xx_HAL_Driver/stm32f4xx_hal_rcc.o
 .debug_info    0x00011de6     0x368f Drivers/STM32F4xx_HAL_Driver/stm32f4xx_hal_tim.o
 .debug_info    0x00015475     0x1b25 Drivers/STM32F4xx_HAL_Driver/stm32f4xx_hal_tim_ex.o
 .debug_info    0x00016f9a     0x1f18 Drivers/STM32F4xx_HAL_Driver/stm32f4xx_ll_usb.o
 .debug_info    0x00018eb2     0x1583 Middlewares/USB_Device_Library/usbd_cdc.o
 .debug_info    0x0001a435     0x14ab Middlewares/USB_Device_Library/usbd_core.o
 .debug_info    0x0001b8e0     0x166a Middlewares/USB_Device_Library/usbd_ctlreq.o
 .debug_info    0x0001cf4a      0xfd4 Middlewares/USB_Device_Library/usbd_ioreq.o

.debug_abbrev   0x00000000     0x3af8
 .debug_abbrev  0x00000000       0x12 Application/SW4STM32/startup_stm32f429xx.o
 .debug_abbrev  0x00000012      0x3db Application/User/main.o
 .debug_abbrev  0x000003ed      0x272 Application/User/stm32f4xx_hal_msp.o
 .debug_abbrev  0x0000065f      0x252 Application/User/stm32f4xx_it.o
 .debug_abbrev  0x000008b1      0x218 Application/User/usb_device.o
 .debug_abbrev  0x00000ac9      0x2d8 Application/User/usbd_cdc_if.o
 .debug_abbrev  0x00000da1      0x2ed Application/User/usbd_conf.o
 .debug_abbrev  0x0000108e      0x277 Application/User/usbd_desc.o
 .debug_abbrev  0x00001305      0x205 Drivers/CMSIS/system_stm32f4xx.o
 .debug_abbrev  0x0000150a      0x2f4 Drivers/STM32F4xx_HAL_Driver/stm32f4xx_hal.o
 .debug_abbrev  0x000017fe      0x3d6 Drivers/STM32F4xx_HAL_Driver/stm32f4xx_hal_cortex.o
 .debug_abbrev  0x00001bd4      0x2a7 Drivers/STM32F4xx_HAL_Driver/stm32f4xx_hal_gpio.o
 .debug_abbrev  0x00001e7b      0x338 Drivers/STM32F4xx_HAL_Driver/stm32f4xx_hal_pcd.o
 .debug_abbrev  0x000021b3      0x24e Drivers/STM32F4xx_HAL_Driver/stm32f4xx_hal_pcd_ex.o
 .debug_abbrev  0x00002401      0x32a Drivers/STM32F4xx_HAL_Driver/stm32f4xx_hal_rcc.o
 .debug_abbrev  0x0000272b      0x2e0 Drivers/STM32F4xx_HAL_Driver/stm32f4xx_hal_tim.o
 .debug_abbrev  0x00002a0b      0x2e0 Drivers/STM32F4xx_HAL_Driver/stm32f4xx_hal_tim_ex.o
 .debug_abbrev  0x00002ceb      0x306 Drivers/STM32F4xx_HAL_Driver/stm32f4xx_ll_usb.o
 .debug_abbrev  0x00002ff1      0x31d Middlewares/USB_Device_Library/usbd_cdc.o
 .debug_abbrev  0x0000330e      0x2ac Middlewares/USB_Device_Library/usbd_core.o
 .debug_abbrev  0x000035ba      0x329 Middlewares/USB_Device_Library/usbd_ctlreq.o
 .debug_abbrev  0x000038e3      0x215 Middlewares/USB_Device_Library/usbd_ioreq.o

.debug_aranges  0x00000000      0xef0
 .debug_aranges
                0x00000000       0x28 Application/SW4STM32/startup_stm32f429xx.o
 .debug_aranges
                0x00000028       0x88 Application/User/main.o
 .debug_aranges
                0x000000b0       0x38 Application/User/stm32f4xx_hal_msp.o
 .debug_aranges
                0x000000e8       0x48 Application/User/stm32f4xx_it.o
 .debug_aranges
                0x00000130       0x20 Application/User/usb_device.o
 .debug_aranges
                0x00000150       0x40 Application/User/usbd_cdc_if.o
 .debug_aranges
                0x00000190       0xf8 Application/User/usbd_conf.o
 .debug_aranges
                0x00000288       0x50 Application/User/usbd_desc.o
 .debug_aranges
                0x000002d8       0x28 Drivers/CMSIS/system_stm32f4xx.o
 .debug_aranges
                0x00000300       0xd8 Drivers/STM32F4xx_HAL_Driver/stm32f4xx_hal.o
 .debug_aranges
                0x000003d8       0xa8 Drivers/STM32F4xx_HAL_Driver/stm32f4xx_hal_cortex.o
 .debug_aranges
                0x00000480       0x58 Drivers/STM32F4xx_HAL_Driver/stm32f4xx_hal_gpio.o
 .debug_aranges
                0x000004d8      0x120 Drivers/STM32F4xx_HAL_Driver/stm32f4xx_hal_pcd.o
 .debug_aranges